Archive member included to satisfy reference by file (symbol)

../smolsnake_bsp/\libhal_bsp.a(alt_irq_register.o)
                              obj/default/hello_world_small.o (alt_irq_register)
../smolsnake_bsp/\libhal_bsp.a(alt_irq_vars.o)
                              ../smolsnake_bsp/\libhal_bsp.a(alt_irq_register.o) (alt_irq_active)
../smolsnake_bsp/\libhal_bsp.a(alt_load.o)
                              ../smolsnake_bsp//obj/HAL/src/crt0.o (alt_load)
../smolsnake_bsp/\libhal_bsp.a(alt_main.o)
                              ../smolsnake_bsp//obj/HAL/src/crt0.o (alt_main)
../smolsnake_bsp/\libhal_bsp.a(alt_sys_init.o)
                              ../smolsnake_bsp/\libhal_bsp.a(alt_main.o) (alt_irq_init)
../smolsnake_bsp/\libhal_bsp.a(altera_up_avalon_accelerometer_spi.o)
                              obj/default/hello_world_small.o (alt_up_accelerometer_spi_open_dev)
../smolsnake_bsp/\libhal_bsp.a(alt_dcache_flush_all.o)
                              ../smolsnake_bsp/\libhal_bsp.a(alt_load.o) (alt_dcache_flush_all)
../smolsnake_bsp/\libhal_bsp.a(alt_dev.o)
                              ../smolsnake_bsp/\libhal_bsp.a(alt_sys_init.o) (alt_dev_list)
../smolsnake_bsp/\libhal_bsp.a(alt_dev_llist_insert.o)
                              ../smolsnake_bsp/\libhal_bsp.a(alt_sys_init.o) (alt_dev_llist_insert)
../smolsnake_bsp/\libhal_bsp.a(alt_errno.o)
                              ../smolsnake_bsp/\libhal_bsp.a(alt_dev_llist_insert.o) (alt_errno)
../smolsnake_bsp/\libhal_bsp.a(alt_find_dev.o)
                              ../smolsnake_bsp/\libhal_bsp.a(altera_up_avalon_accelerometer_spi.o) (alt_find_dev)
../smolsnake_bsp/\libhal_bsp.a(alt_icache_flush_all.o)
                              ../smolsnake_bsp/\libhal_bsp.a(alt_load.o) (alt_icache_flush_all)
../smolsnake_bsp/\libhal_bsp.a(alt_irq_entry.o)
                              ../smolsnake_bsp/\libhal_bsp.a(alt_irq_register.o) (alt_irq_entry)
../smolsnake_bsp/\libhal_bsp.a(alt_irq_handler.o)
                              ../smolsnake_bsp/\libhal_bsp.a(alt_irq_register.o) (alt_irq_handler)
../smolsnake_bsp/\libhal_bsp.a(altera_nios2_gen2_irq.o)
                              ../smolsnake_bsp/\libhal_bsp.a(alt_sys_init.o) (altera_nios2_gen2_irq_init)
../smolsnake_bsp/\libhal_bsp.a(alt_exception_entry.o)
                              ../smolsnake_bsp/\libhal_bsp.a(alt_irq_entry.o) (alt_exception)
../smolsnake_bsp/\libhal_bsp.a(alt_instruction_exception_entry.o)
                              ../smolsnake_bsp/\libhal_bsp.a(alt_exception_entry.o) (alt_instruction_exception_entry)
c:/intelfpga_lite/18.1/nios2eds/bin/gnu/h-x86_64-mingw32/bin/../lib/gcc/nios2-elf/5.3.0/../../../../../H-x86_64-mingw32/nios2-elf/lib/mno-hw-mul\libsmallc.a(lib_a-int_errno.o)
                              ../smolsnake_bsp/\libhal_bsp.a(alt_dev_llist_insert.o) (errno)
c:/intelfpga_lite/18.1/nios2eds/bin/gnu/h-x86_64-mingw32/bin/../lib/gcc/nios2-elf/5.3.0/../../../../../H-x86_64-mingw32/nios2-elf/lib/mno-hw-mul\libsmallc.a(lib_a-memcmp.o)
                              ../smolsnake_bsp/\libhal_bsp.a(alt_find_dev.o) (memcmp)
c:/intelfpga_lite/18.1/nios2eds/bin/gnu/h-x86_64-mingw32/bin/../lib/gcc/nios2-elf/5.3.0/../../../../../H-x86_64-mingw32/nios2-elf/lib/mno-hw-mul\libsmallc.a(lib_a-strlen.o)
                              ../smolsnake_bsp/\libhal_bsp.a(alt_find_dev.o) (strlen)

Allocating common symbols
Common symbol       size              file

alt_irq             0x100             ../smolsnake_bsp/\libhal_bsp.a(alt_irq_handler.o)
errno               0x4               c:/intelfpga_lite/18.1/nios2eds/bin/gnu/h-x86_64-mingw32/bin/../lib/gcc/nios2-elf/5.3.0/../../../../../H-x86_64-mingw32/nios2-elf/lib/mno-hw-mul\libsmallc.a(lib_a-int_errno.o)
led                 0x1               obj/default/hello_world_small.o
level               0x4               obj/default/hello_world_small.o

Memory Configuration

Name             Origin             Length             Attributes
reset            0x0000000000800000 0x0000000000000020
sdram            0x0000000000800020 0x00000000007fffe0
*default*        0x0000000000000000 0xffffffffffffffff

Linker script and memory map

LOAD ../smolsnake_bsp//obj/HAL/src/crt0.o
LOAD obj/default/hello_world_small.o
LOAD c:/intelfpga_lite/18.1/nios2eds/bin/gnu/h-x86_64-mingw32/bin/../lib/gcc/nios2-elf/5.3.0/../../../../../H-x86_64-mingw32/nios2-elf/lib/mno-hw-mul\libstdc++.a
LOAD c:/intelfpga_lite/18.1/nios2eds/bin/gnu/h-x86_64-mingw32/bin/../lib/gcc/nios2-elf/5.3.0/../../../../../H-x86_64-mingw32/nios2-elf/lib/mno-hw-mul\libm.a
LOAD c:/intelfpga_lite/18.1/nios2eds/bin/gnu/h-x86_64-mingw32/bin/../lib/gcc/nios2-elf/5.3.0/mno-hw-mul\libgcc.a
START GROUP
LOAD c:/intelfpga_lite/18.1/nios2eds/bin/gnu/h-x86_64-mingw32/bin/../lib/gcc/nios2-elf/5.3.0/../../../../../H-x86_64-mingw32/nios2-elf/lib/mno-hw-mul\libsmallc.a
LOAD c:/intelfpga_lite/18.1/nios2eds/bin/gnu/h-x86_64-mingw32/bin/../lib/gcc/nios2-elf/5.3.0/mno-hw-mul\libgcc.a
LOAD ../smolsnake_bsp/\libhal_bsp.a
LOAD c:/intelfpga_lite/18.1/nios2eds/bin/gnu/h-x86_64-mingw32/bin/../lib/gcc/nios2-elf/5.3.0/../../../../../H-x86_64-mingw32/nios2-elf/lib/mno-hw-mul\libm.a
END GROUP
LOAD c:/intelfpga_lite/18.1/nios2eds/bin/gnu/h-x86_64-mingw32/bin/../lib/gcc/nios2-elf/5.3.0/mno-hw-mul\libgcc.a
                0x0000000000800000                __alt_mem_sdram = 0x800000

.entry          0x0000000000800000       0x20
 *(.entry)
 .entry         0x0000000000800000       0x20 ../smolsnake_bsp//obj/HAL/src/crt0.o
                0x0000000000800000                __reset
                0x000000000080000c                _exit

.exceptions     0x0000000000800020      0x160
                0x0000000000800020                PROVIDE (__ram_exceptions_start, ABSOLUTE (.))
                0x0000000000800020                . = ALIGN (0x20)
 *(.irq)
 *(.exceptions.entry.label)
 .exceptions.entry.label
                0x0000000000800020        0x0 ../smolsnake_bsp/\libhal_bsp.a(alt_irq_entry.o)
                0x0000000000800020                alt_irq_entry
 .exceptions.entry.label
                0x0000000000800020        0x0 ../smolsnake_bsp/\libhal_bsp.a(alt_exception_entry.o)
                0x0000000000800020                alt_exception
 *(.exceptions.entry.user)
 *(.exceptions.entry.ecc_fatal)
 *(.exceptions.entry)
 .exceptions.entry
                0x0000000000800020       0x54 ../smolsnake_bsp/\libhal_bsp.a(alt_exception_entry.o)
 *(.exceptions.irqtest.user)
 *(.exceptions.irqtest)
 .exceptions.irqtest
                0x0000000000800074       0x10 ../smolsnake_bsp/\libhal_bsp.a(alt_irq_entry.o)
 *(.exceptions.irqhandler.user)
 *(.exceptions.irqhandler)
 .exceptions.irqhandler
                0x0000000000800084        0x4 ../smolsnake_bsp/\libhal_bsp.a(alt_irq_entry.o)
 *(.exceptions.irqreturn.user)
 *(.exceptions.irqreturn)
 .exceptions.irqreturn
                0x0000000000800088        0x4 ../smolsnake_bsp/\libhal_bsp.a(alt_irq_entry.o)
 *(.exceptions.notirq.label)
 .exceptions.notirq.label
                0x000000000080008c        0x0 ../smolsnake_bsp/\libhal_bsp.a(alt_irq_entry.o)
 *(.exceptions.notirq.user)
 *(.exceptions.notirq)
 .exceptions.notirq
                0x000000000080008c        0x8 ../smolsnake_bsp/\libhal_bsp.a(alt_exception_entry.o)
 *(.exceptions.soft.user)
 *(.exceptions.soft)
 *(.exceptions.unknown.user)
 *(.exceptions.unknown)
 .exceptions.unknown
                0x0000000000800094       0x14 ../smolsnake_bsp/\libhal_bsp.a(alt_exception_entry.o)
 *(.exceptions.exit.label)
 .exceptions.exit.label
                0x00000000008000a8        0x0 ../smolsnake_bsp/\libhal_bsp.a(alt_irq_entry.o)
 .exceptions.exit.label
                0x00000000008000a8        0x0 ../smolsnake_bsp/\libhal_bsp.a(alt_exception_entry.o)
 *(.exceptions.exit.user)
 *(.exceptions.exit)
 .exceptions.exit
                0x00000000008000a8       0x54 ../smolsnake_bsp/\libhal_bsp.a(alt_exception_entry.o)
 *(.exceptions)
 .exceptions    0x00000000008000fc       0x60 ../smolsnake_bsp/\libhal_bsp.a(alt_irq_handler.o)
                0x00000000008000fc                alt_irq_handler
 .exceptions    0x000000000080015c       0x24 ../smolsnake_bsp/\libhal_bsp.a(alt_instruction_exception_entry.o)
                0x000000000080015c                alt_instruction_exception_entry
                0x0000000000800180                PROVIDE (__ram_exceptions_end, ABSOLUTE (.))
                0x0000000000800020                PROVIDE (__flash_exceptions_start, LOADADDR (.exceptions))

.text           0x0000000000800180      0x6bc
                [!provide]                        PROVIDE (stext, ABSOLUTE (.))
 *(.interp)
 *(.hash)
 *(.dynsym)
 *(.dynstr)
 *(.gnu.version)
 *(.gnu.version_d)
 *(.gnu.version_r)
 *(.rel.init)
 *(.rela.init)
 *(.rel.text .rel.text.* .rel.gnu.linkonce.t.*)
 *(.rela.text .rela.text.* .rela.gnu.linkonce.t.*)
 *(.rel.fini)
 *(.rela.fini)
 *(.rel.rodata .rel.rodata.* .rel.gnu.linkonce.r.*)
 *(.rela.rodata .rela.rodata.* .rela.gnu.linkonce.r.*)
 *(.rel.data .rel.data.* .rel.gnu.linkonce.d.*)
 *(.rela.data .rela.data.* .rela.gnu.linkonce.d.*)
 *(.rel.tdata .rel.tdata.* .rel.gnu.linkonce.td.*)
 *(.rela.tdata .rela.tdata.* .rela.gnu.linkonce.td.*)
 *(.rel.tbss .rel.tbss.* .rel.gnu.linkonce.tb.*)
 *(.rela.tbss .rela.tbss.* .rela.gnu.linkonce.tb.*)
 *(.rel.ctors)
 *(.rela.ctors)
 *(.rel.dtors)
 *(.rela.dtors)
 *(.rel.got)
 *(.rela.got)
 *(.rel.sdata .rel.sdata.* .rel.gnu.linkonce.s.*)
 *(.rela.sdata .rela.sdata.* .rela.gnu.linkonce.s.*)
 *(.rel.sbss .rel.sbss.* .rel.gnu.linkonce.sb.*)
 *(.rela.sbss .rela.sbss.* .rela.gnu.linkonce.sb.*)
 *(.rel.sdata2 .rel.sdata2.* .rel.gnu.linkonce.s2.*)
 *(.rela.sdata2 .rela.sdata2.* .rela.gnu.linkonce.s2.*)
 *(.rel.sbss2 .rel.sbss2.* .rel.gnu.linkonce.sb2.*)
 *(.rela.sbss2 .rela.sbss2.* .rela.gnu.linkonce.sb2.*)
 *(.rel.bss .rel.bss.* .rel.gnu.linkonce.b.*)
 *(.rela.bss .rela.bss.* .rela.gnu.linkonce.b.*)
 *(.rel.plt)
 *(.rela.plt)
 *(.rel.dyn)
 *(.init)
 *(.plt)
 *(.text .stub .text.* .gnu.linkonce.t.*)
 .text          0x0000000000800180       0x3c ../smolsnake_bsp//obj/HAL/src/crt0.o
                0x0000000000800180                _start
 .text          0x00000000008001bc      0x138 obj/default/hello_world_small.o
                0x00000000008001bc                sys_timer_isr
                0x000000000080023c                led_write
                0x0000000000800250                convert_read
                0x0000000000800284                timer_init
 .text.startup  0x00000000008002f4       0x60 obj/default/hello_world_small.o
                0x00000000008002f4                main
 .text          0x0000000000800354       0x94 ../smolsnake_bsp/\libhal_bsp.a(alt_irq_register.o)
                0x0000000000800354                alt_irq_register
 .text          0x00000000008003e8        0x0 ../smolsnake_bsp/\libhal_bsp.a(alt_irq_vars.o)
 .text          0x00000000008003e8       0xe0 ../smolsnake_bsp/\libhal_bsp.a(alt_load.o)
                0x00000000008003e8                alt_load
 .text          0x00000000008004c8       0x2c ../smolsnake_bsp/\libhal_bsp.a(alt_main.o)
                0x00000000008004c8                alt_main
 .text          0x00000000008004f4       0x30 ../smolsnake_bsp/\libhal_bsp.a(alt_sys_init.o)
                0x00000000008004f4                alt_irq_init
                0x0000000000800514                alt_sys_init
 .text          0x0000000000800524      0x160 ../smolsnake_bsp/\libhal_bsp.a(altera_up_avalon_accelerometer_spi.o)
                0x0000000000800524                alt_up_accelerometer_spi_open_dev
                0x000000000080052c                alt_up_accelerometer_spi_read_address_register
                0x0000000000800540                alt_up_accelerometer_spi_read
                0x0000000000800560                alt_up_accelerometer_spi_write
                0x000000000080057c                alt_up_accelerometer_spi_read_x_axis
                0x00000000008005d4                alt_up_accelerometer_spi_read_y_axis
                0x000000000080062c                alt_up_accelerometer_spi_read_z_axis
 .text          0x0000000000800684        0x4 ../smolsnake_bsp/\libhal_bsp.a(alt_dcache_flush_all.o)
                0x0000000000800684                alt_dcache_flush_all
 .text          0x0000000000800688        0x8 ../smolsnake_bsp/\libhal_bsp.a(alt_dev.o)
 .text          0x0000000000800690       0x6c ../smolsnake_bsp/\libhal_bsp.a(alt_dev_llist_insert.o)
                0x0000000000800690                alt_dev_llist_insert
 .text          0x00000000008006fc        0x0 ../smolsnake_bsp/\libhal_bsp.a(alt_errno.o)
 .text          0x00000000008006fc       0x74 ../smolsnake_bsp/\libhal_bsp.a(alt_find_dev.o)
                0x00000000008006fc                alt_find_dev
 .text          0x0000000000800770        0x4 ../smolsnake_bsp/\libhal_bsp.a(alt_icache_flush_all.o)
                0x0000000000800770                alt_icache_flush_all
 .text          0x0000000000800774        0x0 ../smolsnake_bsp/\libhal_bsp.a(alt_irq_entry.o)
 .text          0x0000000000800774        0x0 ../smolsnake_bsp/\libhal_bsp.a(alt_irq_handler.o)
 .text          0x0000000000800774        0x8 ../smolsnake_bsp/\libhal_bsp.a(altera_nios2_gen2_irq.o)
                0x0000000000800774                altera_nios2_gen2_irq_init
 .text          0x000000000080077c        0x0 ../smolsnake_bsp/\libhal_bsp.a(alt_exception_entry.o)
 .text          0x000000000080077c       0x74 ../smolsnake_bsp/\libhal_bsp.a(alt_instruction_exception_entry.o)
                0x000000000080077c                alt_exception_cause_generated_bad_addr
 .text          0x00000000008007f0        0x0 c:/intelfpga_lite/18.1/nios2eds/bin/gnu/h-x86_64-mingw32/bin/../lib/gcc/nios2-elf/5.3.0/../../../../../H-x86_64-mingw32/nios2-elf/lib/mno-hw-mul\libsmallc.a(lib_a-int_errno.o)
 .text          0x00000000008007f0        0x0 c:/intelfpga_lite/18.1/nios2eds/bin/gnu/h-x86_64-mingw32/bin/../lib/gcc/nios2-elf/5.3.0/../../../../../H-x86_64-mingw32/nios2-elf/lib/mno-hw-mul\libsmallc.a(lib_a-memcmp.o)
 .text.memcmp   0x00000000008007f0       0x30 c:/intelfpga_lite/18.1/nios2eds/bin/gnu/h-x86_64-mingw32/bin/../lib/gcc/nios2-elf/5.3.0/../../../../../H-x86_64-mingw32/nios2-elf/lib/mno-hw-mul\libsmallc.a(lib_a-memcmp.o)
                0x00000000008007f0                memcmp
 .text          0x0000000000800820        0x0 c:/intelfpga_lite/18.1/nios2eds/bin/gnu/h-x86_64-mingw32/bin/../lib/gcc/nios2-elf/5.3.0/../../../../../H-x86_64-mingw32/nios2-elf/lib/mno-hw-mul\libsmallc.a(lib_a-strlen.o)
 .text.strlen   0x0000000000800820       0x1c c:/intelfpga_lite/18.1/nios2eds/bin/gnu/h-x86_64-mingw32/bin/../lib/gcc/nios2-elf/5.3.0/../../../../../H-x86_64-mingw32/nios2-elf/lib/mno-hw-mul\libsmallc.a(lib_a-strlen.o)
                0x0000000000800820                strlen
 *(.gnu.warning.*)
 *(.fini)
                [!provide]                        PROVIDE (__etext, ABSOLUTE (.))
                [!provide]                        PROVIDE (_etext, ABSOLUTE (.))
                [!provide]                        PROVIDE (etext, ABSOLUTE (.))
 *(.eh_frame_hdr)
                0x000000000080083c                . = ALIGN (0x4)
                [!provide]                        PROVIDE (__preinit_array_start, ABSOLUTE (.))
 *(.preinit_array)
                [!provide]                        PROVIDE (__preinit_array_end, ABSOLUTE (.))
                [!provide]                        PROVIDE (__init_array_start, ABSOLUTE (.))
 *(.init_array)
                [!provide]                        PROVIDE (__init_array_end, ABSOLUTE (.))
                [!provide]                        PROVIDE (__fini_array_start, ABSOLUTE (.))
 *(.fini_array)
                [!provide]                        PROVIDE (__fini_array_end, ABSOLUTE (.))
 *(.eh_frame)
 *(.gcc_except_table .gcc_except_table.*)
 *(.dynamic)
                [!provide]                        PROVIDE (__CTOR_LIST__, ABSOLUTE (.))
 *(.ctors)
 *(SORT(.ctors.*))
                [!provide]                        PROVIDE (__CTOR_END__, ABSOLUTE (.))
                [!provide]                        PROVIDE (__DTOR_LIST__, ABSOLUTE (.))
 *(.dtors)
 *(SORT(.dtors.*))
                [!provide]                        PROVIDE (__DTOR_END__, ABSOLUTE (.))
 *(.jcr)
                0x000000000080083c                . = ALIGN (0x4)

.rodata         0x000000000080083c       0x24
                0x000000000080083c                PROVIDE (__ram_rodata_start, ABSOLUTE (.))
                0x000000000080083c                . = ALIGN (0x4)
 *(.rodata .rodata.* .gnu.linkonce.r.*)
 .rodata.str1.4
                0x000000000080083c       0x17 obj/default/hello_world_small.o
 .rodata.str1.4
                0x0000000000800853       0x17 ../smolsnake_bsp/\libhal_bsp.a(alt_sys_init.o)
 *fill*         0x0000000000800853        0x1 
 .rodata.str1.4
                0x0000000000800854        0xc ../smolsnake_bsp/\libhal_bsp.a(alt_dev.o)
                                          0xa (size before relaxing)
 *(.rodata1)
                0x0000000000800860                . = ALIGN (0x4)
                0x0000000000800860                PROVIDE (__ram_rodata_end, ABSOLUTE (.))
                0x000000000080083c                PROVIDE (__flash_rodata_start, LOADADDR (.rodata))

.rwdata         0x0000000000800860       0xa4 load address 0x0000000000800904
                0x0000000000800860                PROVIDE (__ram_rwdata_start, ABSOLUTE (.))
                0x0000000000800860                . = ALIGN (0x4)
 *(.got.plt)
 *(.got)
 *(.data1)
 *(.data .data.* .gnu.linkonce.d.*)
 .data          0x0000000000800860        0x0 ../smolsnake_bsp//obj/HAL/src/crt0.o
 .data          0x0000000000800860        0x0 obj/default/hello_world_small.o
 .data          0x0000000000800860        0x0 ../smolsnake_bsp/\libhal_bsp.a(alt_irq_register.o)
 .data          0x0000000000800860        0x0 ../smolsnake_bsp/\libhal_bsp.a(alt_irq_vars.o)
 .data          0x0000000000800860        0x0 ../smolsnake_bsp/\libhal_bsp.a(alt_load.o)
 .data          0x0000000000800860        0x0 ../smolsnake_bsp/\libhal_bsp.a(alt_main.o)
 .data          0x0000000000800860       0x2c ../smolsnake_bsp/\libhal_bsp.a(alt_sys_init.o)
 .data          0x000000000080088c        0x0 ../smolsnake_bsp/\libhal_bsp.a(altera_up_avalon_accelerometer_spi.o)
 .data          0x000000000080088c        0x0 ../smolsnake_bsp/\libhal_bsp.a(alt_dcache_flush_all.o)
 .data          0x000000000080088c       0x58 ../smolsnake_bsp/\libhal_bsp.a(alt_dev.o)
                0x000000000080088c                alt_fd_list
                0x00000000008008bc                alt_dev_null
 .data          0x00000000008008e4        0x0 ../smolsnake_bsp/\libhal_bsp.a(alt_dev_llist_insert.o)
 .data          0x00000000008008e4        0x0 ../smolsnake_bsp/\libhal_bsp.a(alt_errno.o)
 .data          0x00000000008008e4        0x0 ../smolsnake_bsp/\libhal_bsp.a(alt_find_dev.o)
 .data          0x00000000008008e4        0x0 ../smolsnake_bsp/\libhal_bsp.a(alt_icache_flush_all.o)
 .data          0x00000000008008e4        0x0 ../smolsnake_bsp/\libhal_bsp.a(alt_irq_entry.o)
 .data          0x00000000008008e4        0x0 ../smolsnake_bsp/\libhal_bsp.a(alt_irq_handler.o)
 .data          0x00000000008008e4        0x0 ../smolsnake_bsp/\libhal_bsp.a(altera_nios2_gen2_irq.o)
 .data          0x00000000008008e4        0x0 ../smolsnake_bsp/\libhal_bsp.a(alt_exception_entry.o)
 .data          0x00000000008008e4        0x0 ../smolsnake_bsp/\libhal_bsp.a(alt_instruction_exception_entry.o)
 .data          0x00000000008008e4        0x0 c:/intelfpga_lite/18.1/nios2eds/bin/gnu/h-x86_64-mingw32/bin/../lib/gcc/nios2-elf/5.3.0/../../../../../H-x86_64-mingw32/nios2-elf/lib/mno-hw-mul\libsmallc.a(lib_a-int_errno.o)
 .data          0x00000000008008e4        0x0 c:/intelfpga_lite/18.1/nios2eds/bin/gnu/h-x86_64-mingw32/bin/../lib/gcc/nios2-elf/5.3.0/../../../../../H-x86_64-mingw32/nios2-elf/lib/mno-hw-mul\libsmallc.a(lib_a-memcmp.o)
 .data          0x00000000008008e4        0x0 c:/intelfpga_lite/18.1/nios2eds/bin/gnu/h-x86_64-mingw32/bin/../lib/gcc/nios2-elf/5.3.0/../../../../../H-x86_64-mingw32/nios2-elf/lib/mno-hw-mul\libsmallc.a(lib_a-strlen.o)
                0x00000000008088e4                _gp = ABSOLUTE ((. + 0x8000))
                [!provide]                        PROVIDE (gp, _gp)
 *(.rwdata .rwdata.*)
 *(.sdata .sdata.* .gnu.linkonce.s.*)
 .sdata         0x00000000008008e4        0x4 ../smolsnake_bsp/\libhal_bsp.a(alt_irq_vars.o)
                0x00000000008008e4                alt_priority_mask
 .sdata         0x00000000008008e8        0x4 ../smolsnake_bsp/\libhal_bsp.a(alt_sys_init.o)
                0x00000000008008e8                jtag_uart
 .sdata         0x00000000008008ec       0x14 ../smolsnake_bsp/\libhal_bsp.a(alt_dev.o)
                0x00000000008008ec                alt_max_fd
                0x00000000008008f0                alt_dev_list
                0x00000000008008f8                alt_fs_list
 .sdata         0x0000000000800900        0x4 ../smolsnake_bsp/\libhal_bsp.a(alt_errno.o)
                0x0000000000800900                alt_errno
 *(.sdata2 .sdata2.* .gnu.linkonce.s2.*)
                0x0000000000800904                . = ALIGN (0x4)
                0x0000000000800904                _edata = ABSOLUTE (.)
                [!provide]                        PROVIDE (edata, ABSOLUTE (.))
                0x0000000000800904                PROVIDE (__ram_rwdata_end, ABSOLUTE (.))
                0x0000000000800904                PROVIDE (__flash_rwdata_start, LOADADDR (.rwdata))

.bss            0x00000000008009a8      0x124
                0x00000000008009a8                __bss_start = ABSOLUTE (.)
                [!provide]                        PROVIDE (__sbss_start, ABSOLUTE (.))
                [!provide]                        PROVIDE (___sbss_start, ABSOLUTE (.))
 *(.dynsbss)
 *(.sbss .sbss.* .gnu.linkonce.sb.*)
 .sbss          0x00000000008009a8        0x1 obj/default/hello_world_small.o
                0x00000000008009a8                pwm
 *fill*         0x00000000008009a9        0x3 
 .sbss          0x00000000008009ac        0x8 obj/default/hello_world_small.o
                0x00000000008009ac                led
                0x00000000008009b0                level
 .sbss          0x00000000008009b4        0x4 ../smolsnake_bsp/\libhal_bsp.a(alt_irq_vars.o)
                0x00000000008009b4                alt_irq_active
 .sbss          0x00000000008009b8        0xc ../smolsnake_bsp/\libhal_bsp.a(alt_main.o)
                0x00000000008009b8                alt_envp
                0x00000000008009bc                alt_argv
                0x00000000008009c0                alt_argc
 .sbss          0x00000000008009c4        0x4 ../smolsnake_bsp/\libhal_bsp.a(alt_instruction_exception_entry.o)
                0x00000000008009c4                alt_instruction_exception_handler
 .sbss          0x00000000008009c8        0x4 c:/intelfpga_lite/18.1/nios2eds/bin/gnu/h-x86_64-mingw32/bin/../lib/gcc/nios2-elf/5.3.0/../../../../../H-x86_64-mingw32/nios2-elf/lib/mno-hw-mul\libsmallc.a(lib_a-int_errno.o)
                0x00000000008009c8                errno
 *(.sbss2 .sbss2.* .gnu.linkonce.sb2.*)
 *(.scommon)
                [!provide]                        PROVIDE (__sbss_end, ABSOLUTE (.))
                [!provide]                        PROVIDE (___sbss_end, ABSOLUTE (.))
 *(.dynbss)
 *(.bss .bss.* .gnu.linkonce.b.*)
 .bss           0x00000000008009cc        0x0 ../smolsnake_bsp//obj/HAL/src/crt0.o
 .bss           0x00000000008009cc        0x0 obj/default/hello_world_small.o
 .bss           0x00000000008009cc        0x0 ../smolsnake_bsp/\libhal_bsp.a(alt_irq_register.o)
 .bss           0x00000000008009cc        0x0 ../smolsnake_bsp/\libhal_bsp.a(alt_irq_vars.o)
 .bss           0x00000000008009cc        0x0 ../smolsnake_bsp/\libhal_bsp.a(alt_load.o)
 .bss           0x00000000008009cc        0x0 ../smolsnake_bsp/\libhal_bsp.a(alt_main.o)
 .bss           0x00000000008009cc        0x0 ../smolsnake_bsp/\libhal_bsp.a(alt_sys_init.o)
 .bss           0x00000000008009cc        0x0 ../smolsnake_bsp/\libhal_bsp.a(altera_up_avalon_accelerometer_spi.o)
 .bss           0x00000000008009cc        0x0 ../smolsnake_bsp/\libhal_bsp.a(alt_dcache_flush_all.o)
 .bss           0x00000000008009cc        0x0 ../smolsnake_bsp/\libhal_bsp.a(alt_dev.o)
 .bss           0x00000000008009cc        0x0 ../smolsnake_bsp/\libhal_bsp.a(alt_dev_llist_insert.o)
 .bss           0x00000000008009cc        0x0 ../smolsnake_bsp/\libhal_bsp.a(alt_errno.o)
 .bss           0x00000000008009cc        0x0 ../smolsnake_bsp/\libhal_bsp.a(alt_find_dev.o)
 .bss           0x00000000008009cc        0x0 ../smolsnake_bsp/\libhal_bsp.a(alt_icache_flush_all.o)
 .bss           0x00000000008009cc        0x0 ../smolsnake_bsp/\libhal_bsp.a(alt_irq_entry.o)
 .bss           0x00000000008009cc        0x0 ../smolsnake_bsp/\libhal_bsp.a(alt_irq_handler.o)
 .bss           0x00000000008009cc        0x0 ../smolsnake_bsp/\libhal_bsp.a(altera_nios2_gen2_irq.o)
 .bss           0x00000000008009cc        0x0 ../smolsnake_bsp/\libhal_bsp.a(alt_exception_entry.o)
 .bss           0x00000000008009cc        0x0 ../smolsnake_bsp/\libhal_bsp.a(alt_instruction_exception_entry.o)
 .bss           0x00000000008009cc        0x0 c:/intelfpga_lite/18.1/nios2eds/bin/gnu/h-x86_64-mingw32/bin/../lib/gcc/nios2-elf/5.3.0/../../../../../H-x86_64-mingw32/nios2-elf/lib/mno-hw-mul\libsmallc.a(lib_a-int_errno.o)
 .bss           0x00000000008009cc        0x0 c:/intelfpga_lite/18.1/nios2eds/bin/gnu/h-x86_64-mingw32/bin/../lib/gcc/nios2-elf/5.3.0/../../../../../H-x86_64-mingw32/nios2-elf/lib/mno-hw-mul\libsmallc.a(lib_a-memcmp.o)
 .bss           0x00000000008009cc        0x0 c:/intelfpga_lite/18.1/nios2eds/bin/gnu/h-x86_64-mingw32/bin/../lib/gcc/nios2-elf/5.3.0/../../../../../H-x86_64-mingw32/nios2-elf/lib/mno-hw-mul\libsmallc.a(lib_a-strlen.o)
 *(COMMON)
 COMMON         0x00000000008009cc      0x100 ../smolsnake_bsp/\libhal_bsp.a(alt_irq_handler.o)
                0x00000000008009cc                alt_irq
                0x0000000000800acc                . = ALIGN (0x4)
                0x0000000000800acc                __bss_end = ABSOLUTE (.)

.sdram          0x0000000000800acc        0x0
                [!provide]                        PROVIDE (_alt_partition_sdram_start, ABSOLUTE (.))
 *(.sdram .sdram. sdram.*)
                0x0000000000800acc                . = ALIGN (0x4)
                [!provide]                        PROVIDE (_alt_partition_sdram_end, ABSOLUTE (.))
                0x0000000000800acc                _end = ABSOLUTE (.)
                0x0000000000800acc                end = ABSOLUTE (.)
                0x0000000000800acc                __alt_stack_base = ABSOLUTE (.)
                [!provide]                        PROVIDE (_alt_partition_sdram_load_addr, LOADADDR (.sdram))

.stab
 *(.stab)

.stabstr
 *(.stabstr)

.stab.excl
 *(.stab.excl)

.stab.exclstr
 *(.stab.exclstr)

.stab.index
 *(.stab.index)

.stab.indexstr
 *(.stab.indexstr)

.comment        0x0000000000000000       0x23
 *(.comment)
 .comment       0x0000000000000000       0x23 obj/default/hello_world_small.o
                                         0x24 (size before relaxing)
 .comment       0x0000000000000023       0x24 ../smolsnake_bsp/\libhal_bsp.a(alt_irq_register.o)
 .comment       0x0000000000000023       0x24 ../smolsnake_bsp/\libhal_bsp.a(alt_irq_vars.o)
 .comment       0x0000000000000023       0x24 ../smolsnake_bsp/\libhal_bsp.a(alt_load.o)
 .comment       0x0000000000000023       0x24 ../smolsnake_bsp/\libhal_bsp.a(alt_main.o)
 .comment       0x0000000000000023       0x24 ../smolsnake_bsp/\libhal_bsp.a(alt_sys_init.o)
 .comment       0x0000000000000023       0x24 ../smolsnake_bsp/\libhal_bsp.a(altera_up_avalon_accelerometer_spi.o)
 .comment       0x0000000000000023       0x24 ../smolsnake_bsp/\libhal_bsp.a(alt_dcache_flush_all.o)
 .comment       0x0000000000000023       0x24 ../smolsnake_bsp/\libhal_bsp.a(alt_dev.o)
 .comment       0x0000000000000023       0x24 ../smolsnake_bsp/\libhal_bsp.a(alt_dev_llist_insert.o)
 .comment       0x0000000000000023       0x24 ../smolsnake_bsp/\libhal_bsp.a(alt_errno.o)
 .comment       0x0000000000000023       0x24 ../smolsnake_bsp/\libhal_bsp.a(alt_find_dev.o)
 .comment       0x0000000000000023       0x24 ../smolsnake_bsp/\libhal_bsp.a(alt_icache_flush_all.o)
 .comment       0x0000000000000023       0x24 ../smolsnake_bsp/\libhal_bsp.a(alt_irq_handler.o)
 .comment       0x0000000000000023       0x24 ../smolsnake_bsp/\libhal_bsp.a(altera_nios2_gen2_irq.o)
 .comment       0x0000000000000023       0x24 ../smolsnake_bsp/\libhal_bsp.a(alt_instruction_exception_entry.o)
 .comment       0x0000000000000023       0x24 c:/intelfpga_lite/18.1/nios2eds/bin/gnu/h-x86_64-mingw32/bin/../lib/gcc/nios2-elf/5.3.0/../../../../../H-x86_64-mingw32/nios2-elf/lib/mno-hw-mul\libsmallc.a(lib_a-int_errno.o)
 .comment       0x0000000000000023       0x24 c:/intelfpga_lite/18.1/nios2eds/bin/gnu/h-x86_64-mingw32/bin/../lib/gcc/nios2-elf/5.3.0/../../../../../H-x86_64-mingw32/nios2-elf/lib/mno-hw-mul\libsmallc.a(lib_a-memcmp.o)
 .comment       0x0000000000000023       0x24 c:/intelfpga_lite/18.1/nios2eds/bin/gnu/h-x86_64-mingw32/bin/../lib/gcc/nios2-elf/5.3.0/../../../../../H-x86_64-mingw32/nios2-elf/lib/mno-hw-mul\libsmallc.a(lib_a-strlen.o)

.debug
 *(.debug)

.line
 *(.line)

.debug_srcinfo
 *(.debug_srcinfo)

.debug_sfnames
 *(.debug_sfnames)

.debug_aranges  0x0000000000000000      0x2e8
 *(.debug_aranges)
 .debug_aranges
                0x0000000000000000       0x28 ../smolsnake_bsp//obj/HAL/src/crt0.o
 .debug_aranges
                0x0000000000000028       0x28 obj/default/hello_world_small.o
 .debug_aranges
                0x0000000000000050       0x20 ../smolsnake_bsp/\libhal_bsp.a(alt_irq_register.o)
 .debug_aranges
                0x0000000000000070       0x18 ../smolsnake_bsp/\libhal_bsp.a(alt_irq_vars.o)
 .debug_aranges
                0x0000000000000088       0x20 ../smolsnake_bsp/\libhal_bsp.a(alt_load.o)
 .debug_aranges
                0x00000000000000a8       0x20 ../smolsnake_bsp/\libhal_bsp.a(alt_main.o)
 .debug_aranges
                0x00000000000000c8       0x20 ../smolsnake_bsp/\libhal_bsp.a(alt_sys_init.o)
 .debug_aranges
                0x00000000000000e8       0x20 ../smolsnake_bsp/\libhal_bsp.a(altera_up_avalon_accelerometer_spi.o)
 .debug_aranges
                0x0000000000000108       0x20 ../smolsnake_bsp/\libhal_bsp.a(alt_dcache_flush_all.o)
 .debug_aranges
                0x0000000000000128       0x20 ../smolsnake_bsp/\libhal_bsp.a(alt_dev.o)
 .debug_aranges
                0x0000000000000148       0x20 ../smolsnake_bsp/\libhal_bsp.a(alt_dev_llist_insert.o)
 .debug_aranges
                0x0000000000000168       0x18 ../smolsnake_bsp/\libhal_bsp.a(alt_errno.o)
 .debug_aranges
                0x0000000000000180       0x20 ../smolsnake_bsp/\libhal_bsp.a(alt_find_dev.o)
 .debug_aranges
                0x00000000000001a0       0x20 ../smolsnake_bsp/\libhal_bsp.a(alt_icache_flush_all.o)
 .debug_aranges
                0x00000000000001c0       0x30 ../smolsnake_bsp/\libhal_bsp.a(alt_irq_entry.o)
 .debug_aranges
                0x00000000000001f0       0x20 ../smolsnake_bsp/\libhal_bsp.a(alt_irq_handler.o)
 .debug_aranges
                0x0000000000000210       0x20 ../smolsnake_bsp/\libhal_bsp.a(altera_nios2_gen2_irq.o)
 .debug_aranges
                0x0000000000000230       0x38 ../smolsnake_bsp/\libhal_bsp.a(alt_exception_entry.o)
 .debug_aranges
                0x0000000000000268       0x28 ../smolsnake_bsp/\libhal_bsp.a(alt_instruction_exception_entry.o)
 .debug_aranges
                0x0000000000000290       0x18 c:/intelfpga_lite/18.1/nios2eds/bin/gnu/h-x86_64-mingw32/bin/../lib/gcc/nios2-elf/5.3.0/../../../../../H-x86_64-mingw32/nios2-elf/lib/mno-hw-mul\libsmallc.a(lib_a-int_errno.o)
 .debug_aranges
                0x00000000000002a8       0x20 c:/intelfpga_lite/18.1/nios2eds/bin/gnu/h-x86_64-mingw32/bin/../lib/gcc/nios2-elf/5.3.0/../../../../../H-x86_64-mingw32/nios2-elf/lib/mno-hw-mul\libsmallc.a(lib_a-memcmp.o)
 .debug_aranges
                0x00000000000002c8       0x20 c:/intelfpga_lite/18.1/nios2eds/bin/gnu/h-x86_64-mingw32/bin/../lib/gcc/nios2-elf/5.3.0/../../../../../H-x86_64-mingw32/nios2-elf/lib/mno-hw-mul\libsmallc.a(lib_a-strlen.o)

.debug_pubnames
 *(.debug_pubnames)

.debug_info     0x0000000000000000     0x2854
 *(.debug_info .gnu.linkonce.wi.*)
 .debug_info    0x0000000000000000       0x7f ../smolsnake_bsp//obj/HAL/src/crt0.o
 .debug_info    0x000000000000007f      0x51d obj/default/hello_world_small.o
 .debug_info    0x000000000000059c      0x30d ../smolsnake_bsp/\libhal_bsp.a(alt_irq_register.o)
 .debug_info    0x00000000000008a9       0x88 ../smolsnake_bsp/\libhal_bsp.a(alt_irq_vars.o)
 .debug_info    0x0000000000000931      0x1c9 ../smolsnake_bsp/\libhal_bsp.a(alt_load.o)
 .debug_info    0x0000000000000afa      0x18f ../smolsnake_bsp/\libhal_bsp.a(alt_main.o)
 .debug_info    0x0000000000000c89      0x459 ../smolsnake_bsp/\libhal_bsp.a(alt_sys_init.o)
 .debug_info    0x00000000000010e2      0x479 ../smolsnake_bsp/\libhal_bsp.a(altera_up_avalon_accelerometer_spi.o)
 .debug_info    0x000000000000155b       0x92 ../smolsnake_bsp/\libhal_bsp.a(alt_dcache_flush_all.o)
 .debug_info    0x00000000000015ed      0x499 ../smolsnake_bsp/\libhal_bsp.a(alt_dev.o)
 .debug_info    0x0000000000001a86      0x1b3 ../smolsnake_bsp/\libhal_bsp.a(alt_dev_llist_insert.o)
 .debug_info    0x0000000000001c39       0xa6 ../smolsnake_bsp/\libhal_bsp.a(alt_errno.o)
 .debug_info    0x0000000000001cdf      0x32d ../smolsnake_bsp/\libhal_bsp.a(alt_find_dev.o)
 .debug_info    0x000000000000200c       0x92 ../smolsnake_bsp/\libhal_bsp.a(alt_icache_flush_all.o)
 .debug_info    0x000000000000209e       0x88 ../smolsnake_bsp/\libhal_bsp.a(alt_irq_entry.o)
 .debug_info    0x0000000000002126      0x1a4 ../smolsnake_bsp/\libhal_bsp.a(alt_irq_handler.o)
 .debug_info    0x00000000000022ca       0xb8 ../smolsnake_bsp/\libhal_bsp.a(altera_nios2_gen2_irq.o)
 .debug_info    0x0000000000002382       0x8e ../smolsnake_bsp/\libhal_bsp.a(alt_exception_entry.o)
 .debug_info    0x0000000000002410      0x1fd ../smolsnake_bsp/\libhal_bsp.a(alt_instruction_exception_entry.o)
 .debug_info    0x000000000000260d       0x8a c:/intelfpga_lite/18.1/nios2eds/bin/gnu/h-x86_64-mingw32/bin/../lib/gcc/nios2-elf/5.3.0/../../../../../H-x86_64-mingw32/nios2-elf/lib/mno-hw-mul\libsmallc.a(lib_a-int_errno.o)
 .debug_info    0x0000000000002697       0xf4 c:/intelfpga_lite/18.1/nios2eds/bin/gnu/h-x86_64-mingw32/bin/../lib/gcc/nios2-elf/5.3.0/../../../../../H-x86_64-mingw32/nios2-elf/lib/mno-hw-mul\libsmallc.a(lib_a-memcmp.o)
 .debug_info    0x000000000000278b       0xc9 c:/intelfpga_lite/18.1/nios2eds/bin/gnu/h-x86_64-mingw32/bin/../lib/gcc/nios2-elf/5.3.0/../../../../../H-x86_64-mingw32/nios2-elf/lib/mno-hw-mul\libsmallc.a(lib_a-strlen.o)

.debug_abbrev   0x0000000000000000     0x1077
 *(.debug_abbrev)
 .debug_abbrev  0x0000000000000000       0x12 ../smolsnake_bsp//obj/HAL/src/crt0.o
 .debug_abbrev  0x0000000000000012      0x21e obj/default/hello_world_small.o
 .debug_abbrev  0x0000000000000230      0x1a5 ../smolsnake_bsp/\libhal_bsp.a(alt_irq_register.o)
 .debug_abbrev  0x00000000000003d5       0x40 ../smolsnake_bsp/\libhal_bsp.a(alt_irq_vars.o)
 .debug_abbrev  0x0000000000000415       0xd8 ../smolsnake_bsp/\libhal_bsp.a(alt_load.o)
 .debug_abbrev  0x00000000000004ed       0xf5 ../smolsnake_bsp/\libhal_bsp.a(alt_main.o)
 .debug_abbrev  0x00000000000005e2      0x1a5 ../smolsnake_bsp/\libhal_bsp.a(alt_sys_init.o)
 .debug_abbrev  0x0000000000000787      0x119 ../smolsnake_bsp/\libhal_bsp.a(altera_up_avalon_accelerometer_spi.o)
 .debug_abbrev  0x00000000000008a0       0x42 ../smolsnake_bsp/\libhal_bsp.a(alt_dcache_flush_all.o)
 .debug_abbrev  0x00000000000008e2       0xd9 ../smolsnake_bsp/\libhal_bsp.a(alt_dev.o)
 .debug_abbrev  0x00000000000009bb      0x11c ../smolsnake_bsp/\libhal_bsp.a(alt_dev_llist_insert.o)
 .debug_abbrev  0x0000000000000ad7       0x5a ../smolsnake_bsp/\libhal_bsp.a(alt_errno.o)
 .debug_abbrev  0x0000000000000b31      0x125 ../smolsnake_bsp/\libhal_bsp.a(alt_find_dev.o)
 .debug_abbrev  0x0000000000000c56       0x42 ../smolsnake_bsp/\libhal_bsp.a(alt_icache_flush_all.o)
 .debug_abbrev  0x0000000000000c98       0x12 ../smolsnake_bsp/\libhal_bsp.a(alt_irq_entry.o)
 .debug_abbrev  0x0000000000000caa      0x138 ../smolsnake_bsp/\libhal_bsp.a(alt_irq_handler.o)
 .debug_abbrev  0x0000000000000de2       0x67 ../smolsnake_bsp/\libhal_bsp.a(altera_nios2_gen2_irq.o)
 .debug_abbrev  0x0000000000000e49       0x12 ../smolsnake_bsp/\libhal_bsp.a(alt_exception_entry.o)
 .debug_abbrev  0x0000000000000e5b       0xe7 ../smolsnake_bsp/\libhal_bsp.a(alt_instruction_exception_entry.o)
 .debug_abbrev  0x0000000000000f42       0x37 c:/intelfpga_lite/18.1/nios2eds/bin/gnu/h-x86_64-mingw32/bin/../lib/gcc/nios2-elf/5.3.0/../../../../../H-x86_64-mingw32/nios2-elf/lib/mno-hw-mul\libsmallc.a(lib_a-int_errno.o)
 .debug_abbrev  0x0000000000000f79       0x7f c:/intelfpga_lite/18.1/nios2eds/bin/gnu/h-x86_64-mingw32/bin/../lib/gcc/nios2-elf/5.3.0/../../../../../H-x86_64-mingw32/nios2-elf/lib/mno-hw-mul\libsmallc.a(lib_a-memcmp.o)
 .debug_abbrev  0x0000000000000ff8       0x7f c:/intelfpga_lite/18.1/nios2eds/bin/gnu/h-x86_64-mingw32/bin/../lib/gcc/nios2-elf/5.3.0/../../../../../H-x86_64-mingw32/nios2-elf/lib/mno-hw-mul\libsmallc.a(lib_a-strlen.o)

.debug_line     0x0000000000000000     0x1151
 *(.debug_line)
 .debug_line    0x0000000000000000       0x66 ../smolsnake_bsp//obj/HAL/src/crt0.o
 .debug_line    0x0000000000000066      0x16f obj/default/hello_world_small.o
 .debug_line    0x00000000000001d5       0xed ../smolsnake_bsp/\libhal_bsp.a(alt_irq_register.o)
 .debug_line    0x00000000000002c2       0x50 ../smolsnake_bsp/\libhal_bsp.a(alt_irq_vars.o)
 .debug_line    0x0000000000000312       0xa4 ../smolsnake_bsp/\libhal_bsp.a(alt_load.o)
 .debug_line    0x00000000000003b6       0xea ../smolsnake_bsp/\libhal_bsp.a(alt_main.o)
 .debug_line    0x00000000000004a0      0x172 ../smolsnake_bsp/\libhal_bsp.a(alt_sys_init.o)
 .debug_line    0x0000000000000612      0x131 ../smolsnake_bsp/\libhal_bsp.a(altera_up_avalon_accelerometer_spi.o)
 .debug_line    0x0000000000000743       0x4e ../smolsnake_bsp/\libhal_bsp.a(alt_dcache_flush_all.o)
 .debug_line    0x0000000000000791       0xf6 ../smolsnake_bsp/\libhal_bsp.a(alt_dev.o)
 .debug_line    0x0000000000000887       0xd8 ../smolsnake_bsp/\libhal_bsp.a(alt_dev_llist_insert.o)
 .debug_line    0x000000000000095f       0x51 ../smolsnake_bsp/\libhal_bsp.a(alt_errno.o)
 .debug_line    0x00000000000009b0      0x107 ../smolsnake_bsp/\libhal_bsp.a(alt_find_dev.o)
 .debug_line    0x0000000000000ab7       0x4e ../smolsnake_bsp/\libhal_bsp.a(alt_icache_flush_all.o)
 .debug_line    0x0000000000000b05       0x6b ../smolsnake_bsp/\libhal_bsp.a(alt_irq_entry.o)
 .debug_line    0x0000000000000b70       0xc8 ../smolsnake_bsp/\libhal_bsp.a(alt_irq_handler.o)
 .debug_line    0x0000000000000c38       0x8c ../smolsnake_bsp/\libhal_bsp.a(altera_nios2_gen2_irq.o)
 .debug_line    0x0000000000000cc4       0xb3 ../smolsnake_bsp/\libhal_bsp.a(alt_exception_entry.o)
 .debug_line    0x0000000000000d77       0xbf ../smolsnake_bsp/\libhal_bsp.a(alt_instruction_exception_entry.o)
 .debug_line    0x0000000000000e36       0x5f c:/intelfpga_lite/18.1/nios2eds/bin/gnu/h-x86_64-mingw32/bin/../lib/gcc/nios2-elf/5.3.0/../../../../../H-x86_64-mingw32/nios2-elf/lib/mno-hw-mul\libsmallc.a(lib_a-int_errno.o)
 .debug_line    0x0000000000000e95      0x160 c:/intelfpga_lite/18.1/nios2eds/bin/gnu/h-x86_64-mingw32/bin/../lib/gcc/nios2-elf/5.3.0/../../../../../H-x86_64-mingw32/nios2-elf/lib/mno-hw-mul\libsmallc.a(lib_a-memcmp.o)
 .debug_line    0x0000000000000ff5      0x15c c:/intelfpga_lite/18.1/nios2eds/bin/gnu/h-x86_64-mingw32/bin/../lib/gcc/nios2-elf/5.3.0/../../../../../H-x86_64-mingw32/nios2-elf/lib/mno-hw-mul\libsmallc.a(lib_a-strlen.o)

.debug_frame    0x0000000000000000      0x348
 *(.debug_frame)
 .debug_frame   0x0000000000000000       0x84 obj/default/hello_world_small.o
 .debug_frame   0x0000000000000084       0x20 ../smolsnake_bsp/\libhal_bsp.a(alt_irq_register.o)
 .debug_frame   0x00000000000000a4       0x30 ../smolsnake_bsp/\libhal_bsp.a(alt_load.o)
 .debug_frame   0x00000000000000d4       0x2c ../smolsnake_bsp/\libhal_bsp.a(alt_main.o)
 .debug_frame   0x0000000000000100       0x3c ../smolsnake_bsp/\libhal_bsp.a(alt_sys_init.o)
 .debug_frame   0x000000000000013c       0x80 ../smolsnake_bsp/\libhal_bsp.a(altera_up_avalon_accelerometer_spi.o)
 .debug_frame   0x00000000000001bc       0x20 ../smolsnake_bsp/\libhal_bsp.a(alt_dcache_flush_all.o)
 .debug_frame   0x00000000000001dc       0x20 ../smolsnake_bsp/\libhal_bsp.a(alt_dev.o)
 .debug_frame   0x00000000000001fc       0x2c ../smolsnake_bsp/\libhal_bsp.a(alt_dev_llist_insert.o)
 .debug_frame   0x0000000000000228       0x3c ../smolsnake_bsp/\libhal_bsp.a(alt_find_dev.o)
 .debug_frame   0x0000000000000264       0x20 ../smolsnake_bsp/\libhal_bsp.a(alt_icache_flush_all.o)
 .debug_frame   0x0000000000000284       0x34 ../smolsnake_bsp/\libhal_bsp.a(alt_irq_handler.o)
 .debug_frame   0x00000000000002b8       0x20 ../smolsnake_bsp/\libhal_bsp.a(altera_nios2_gen2_irq.o)
 .debug_frame   0x00000000000002d8       0x30 ../smolsnake_bsp/\libhal_bsp.a(alt_instruction_exception_entry.o)
 .debug_frame   0x0000000000000308       0x20 c:/intelfpga_lite/18.1/nios2eds/bin/gnu/h-x86_64-mingw32/bin/../lib/gcc/nios2-elf/5.3.0/../../../../../H-x86_64-mingw32/nios2-elf/lib/mno-hw-mul\libsmallc.a(lib_a-memcmp.o)
 .debug_frame   0x0000000000000328       0x20 c:/intelfpga_lite/18.1/nios2eds/bin/gnu/h-x86_64-mingw32/bin/../lib/gcc/nios2-elf/5.3.0/../../../../../H-x86_64-mingw32/nios2-elf/lib/mno-hw-mul\libsmallc.a(lib_a-strlen.o)

.debug_str      0x0000000000000000     0x1042
 *(.debug_str)
 .debug_str     0x0000000000000000      0x298 obj/default/hello_world_small.o
                                        0x2f1 (size before relaxing)
 .debug_str     0x0000000000000298       0xe8 ../smolsnake_bsp/\libhal_bsp.a(alt_irq_register.o)
                                        0x219 (size before relaxing)
 .debug_str     0x0000000000000380       0x17 ../smolsnake_bsp/\libhal_bsp.a(alt_irq_vars.o)
                                        0x14b (size before relaxing)
 .debug_str     0x0000000000000397      0x113 ../smolsnake_bsp/\libhal_bsp.a(alt_load.o)
                                        0x24d (size before relaxing)
 .debug_str     0x00000000000004aa       0x5e ../smolsnake_bsp/\libhal_bsp.a(alt_main.o)
                                        0x1ef (size before relaxing)
 .debug_str     0x0000000000000508      0x124 ../smolsnake_bsp/\libhal_bsp.a(alt_sys_init.o)
                                        0x35b (size before relaxing)
 .debug_str     0x000000000000062c      0x103 ../smolsnake_bsp/\libhal_bsp.a(altera_up_avalon_accelerometer_spi.o)
                                        0x35f (size before relaxing)
 .debug_str     0x000000000000072f       0x1f ../smolsnake_bsp/\libhal_bsp.a(alt_dcache_flush_all.o)
                                        0x166 (size before relaxing)
 .debug_str     0x000000000000074e      0x125 ../smolsnake_bsp/\libhal_bsp.a(alt_dev.o)
                                        0x316 (size before relaxing)
 .debug_str     0x0000000000000873       0x48 ../smolsnake_bsp/\libhal_bsp.a(alt_dev_llist_insert.o)
                                        0x1dd (size before relaxing)
 .debug_str     0x00000000000008bb       0x14 ../smolsnake_bsp/\libhal_bsp.a(alt_errno.o)
                                        0x156 (size before relaxing)
 .debug_str     0x00000000000008cf       0x25 ../smolsnake_bsp/\libhal_bsp.a(alt_find_dev.o)
                                        0x20b (size before relaxing)
 .debug_str     0x00000000000008f4       0x1f ../smolsnake_bsp/\libhal_bsp.a(alt_icache_flush_all.o)
                                        0x166 (size before relaxing)
 .debug_str     0x0000000000000913       0x3a ../smolsnake_bsp/\libhal_bsp.a(alt_irq_handler.o)
                                        0x1c9 (size before relaxing)
 .debug_str     0x000000000000094d       0x20 ../smolsnake_bsp/\libhal_bsp.a(altera_nios2_gen2_irq.o)
                                        0x196 (size before relaxing)
 .debug_str     0x000000000000096d      0x48b ../smolsnake_bsp/\libhal_bsp.a(alt_instruction_exception_entry.o)
                                        0x5b1 (size before relaxing)
 .debug_str     0x0000000000000df8      0x134 c:/intelfpga_lite/18.1/nios2eds/bin/gnu/h-x86_64-mingw32/bin/../lib/gcc/nios2-elf/5.3.0/../../../../../H-x86_64-mingw32/nios2-elf/lib/mno-hw-mul\libsmallc.a(lib_a-int_errno.o)
                                        0x1d8 (size before relaxing)
 .debug_str     0x0000000000000f2c       0xd9 c:/intelfpga_lite/18.1/nios2eds/bin/gnu/h-x86_64-mingw32/bin/../lib/gcc/nios2-elf/5.3.0/../../../../../H-x86_64-mingw32/nios2-elf/lib/mno-hw-mul\libsmallc.a(lib_a-memcmp.o)
                                        0x1df (size before relaxing)
 .debug_str     0x0000000000001005       0x3d c:/intelfpga_lite/18.1/nios2eds/bin/gnu/h-x86_64-mingw32/bin/../lib/gcc/nios2-elf/5.3.0/../../../../../H-x86_64-mingw32/nios2-elf/lib/mno-hw-mul\libsmallc.a(lib_a-strlen.o)
                                        0x1e5 (size before relaxing)

.debug_loc      0x0000000000000000      0x4f9
 *(.debug_loc)
 .debug_loc     0x0000000000000000       0xf6 obj/default/hello_world_small.o
 .debug_loc     0x00000000000000f6       0xfa ../smolsnake_bsp/\libhal_bsp.a(alt_irq_register.o)
 .debug_loc     0x00000000000001f0       0x21 ../smolsnake_bsp/\libhal_bsp.a(alt_sys_init.o)
 .debug_loc     0x0000000000000211       0x63 ../smolsnake_bsp/\libhal_bsp.a(altera_up_avalon_accelerometer_spi.o)
 .debug_loc     0x0000000000000274       0x7e ../smolsnake_bsp/\libhal_bsp.a(alt_dev_llist_insert.o)
 .debug_loc     0x00000000000002f2       0x7e ../smolsnake_bsp/\libhal_bsp.a(alt_find_dev.o)
 .debug_loc     0x0000000000000370       0x72 ../smolsnake_bsp/\libhal_bsp.a(alt_irq_handler.o)
 .debug_loc     0x00000000000003e2       0x65 ../smolsnake_bsp/\libhal_bsp.a(alt_instruction_exception_entry.o)
 .debug_loc     0x0000000000000447       0x94 c:/intelfpga_lite/18.1/nios2eds/bin/gnu/h-x86_64-mingw32/bin/../lib/gcc/nios2-elf/5.3.0/../../../../../H-x86_64-mingw32/nios2-elf/lib/mno-hw-mul\libsmallc.a(lib_a-memcmp.o)
 .debug_loc     0x00000000000004db       0x1e c:/intelfpga_lite/18.1/nios2eds/bin/gnu/h-x86_64-mingw32/bin/../lib/gcc/nios2-elf/5.3.0/../../../../../H-x86_64-mingw32/nios2-elf/lib/mno-hw-mul\libsmallc.a(lib_a-strlen.o)

.debug_macinfo
 *(.debug_macinfo)

.debug_weaknames
 *(.debug_weaknames)

.debug_funcnames
 *(.debug_funcnames)

.debug_typenames
 *(.debug_typenames)

.debug_varnames
 *(.debug_varnames)

.debug_alt_sim_info
                0x0000000000000000       0x10
 *(.debug_alt_sim_info)
 .debug_alt_sim_info
                0x0000000000000000       0x10 ../smolsnake_bsp//obj/HAL/src/crt0.o
                0x0000000001000000                __alt_data_end = 0x1000000
                0x0000000001000000                PROVIDE (__alt_stack_pointer, __alt_data_end)
                [!provide]                        PROVIDE (__alt_stack_limit, __alt_stack_base)
                [!provide]                        PROVIDE (__alt_heap_start, end)
                [!provide]                        PROVIDE (__alt_heap_limit, 0x1000000)
OUTPUT(smolsnake.elf elf32-littlenios2)

.debug_ranges   0x0000000000000000      0x158
 .debug_ranges  0x0000000000000000       0x20 ../smolsnake_bsp//obj/HAL/src/crt0.o
 .debug_ranges  0x0000000000000020       0x18 obj/default/hello_world_small.o
 .debug_ranges  0x0000000000000038       0x48 ../smolsnake_bsp/\libhal_bsp.a(alt_load.o)
 .debug_ranges  0x0000000000000080       0x18 ../smolsnake_bsp/\libhal_bsp.a(alt_sys_init.o)
 .debug_ranges  0x0000000000000098       0x20 ../smolsnake_bsp/\libhal_bsp.a(alt_dev_llist_insert.o)
 .debug_ranges  0x00000000000000b8       0x28 ../smolsnake_bsp/\libhal_bsp.a(alt_irq_entry.o)
 .debug_ranges  0x00000000000000e0       0x10 ../smolsnake_bsp/\libhal_bsp.a(alt_irq_handler.o)
 .debug_ranges  0x00000000000000f0       0x30 ../smolsnake_bsp/\libhal_bsp.a(alt_exception_entry.o)
 .debug_ranges  0x0000000000000120       0x18 ../smolsnake_bsp/\libhal_bsp.a(alt_instruction_exception_entry.o)
 .debug_ranges  0x0000000000000138       0x10 c:/intelfpga_lite/18.1/nios2eds/bin/gnu/h-x86_64-mingw32/bin/../lib/gcc/nios2-elf/5.3.0/../../../../../H-x86_64-mingw32/nios2-elf/lib/mno-hw-mul\libsmallc.a(lib_a-memcmp.o)
 .debug_ranges  0x0000000000000148       0x10 c:/intelfpga_lite/18.1/nios2eds/bin/gnu/h-x86_64-mingw32/bin/../lib/gcc/nios2-elf/5.3.0/../../../../../H-x86_64-mingw32/nios2-elf/lib/mno-hw-mul\libsmallc.a(lib_a-strlen.o)
