Archive member included to satisfy reference by file (symbol)

c:/intelfpga_lite/18.1/nios2eds/bin/gnu/h-x86_64-mingw32/bin/../lib/gcc/nios2-elf/5.3.0/../../../../../H-x86_64-mingw32/nios2-elf/lib/mno-hw-mul\libc.a(lib_a-puts.o)
                              obj/default/hello_ucosii.o (puts)
c:/intelfpga_lite/18.1/nios2eds/bin/gnu/h-x86_64-mingw32/bin/../lib/gcc/nios2-elf/5.3.0/../../../../../H-x86_64-mingw32/nios2-elf/lib/mno-hw-mul\libc.a(lib_a-strlen.o)
                              c:/intelfpga_lite/18.1/nios2eds/bin/gnu/h-x86_64-mingw32/bin/../lib/gcc/nios2-elf/5.3.0/../../../../../H-x86_64-mingw32/nios2-elf/lib/mno-hw-mul\libc.a(lib_a-puts.o) (strlen)
c:/intelfpga_lite/18.1/nios2eds/bin/gnu/h-x86_64-mingw32/bin/../lib/gcc/nios2-elf/5.3.0/../../../../../H-x86_64-mingw32/nios2-elf/lib/mno-hw-mul\libc.a(lib_a-findfp.o)
                              c:/intelfpga_lite/18.1/nios2eds/bin/gnu/h-x86_64-mingw32/bin/../lib/gcc/nios2-elf/5.3.0/../../../../../H-x86_64-mingw32/nios2-elf/lib/mno-hw-mul\libc.a(lib_a-puts.o) (__sinit)
c:/intelfpga_lite/18.1/nios2eds/bin/gnu/h-x86_64-mingw32/bin/../lib/gcc/nios2-elf/5.3.0/../../../../../H-x86_64-mingw32/nios2-elf/lib/mno-hw-mul\libc.a(lib_a-fvwrite.o)
                              c:/intelfpga_lite/18.1/nios2eds/bin/gnu/h-x86_64-mingw32/bin/../lib/gcc/nios2-elf/5.3.0/../../../../../H-x86_64-mingw32/nios2-elf/lib/mno-hw-mul\libc.a(lib_a-puts.o) (__sfvwrite_r)
c:/intelfpga_lite/18.1/nios2eds/bin/gnu/h-x86_64-mingw32/bin/../lib/gcc/nios2-elf/5.3.0/../../../../../H-x86_64-mingw32/nios2-elf/lib/mno-hw-mul\libc.a(lib_a-fwalk.o)
                              c:/intelfpga_lite/18.1/nios2eds/bin/gnu/h-x86_64-mingw32/bin/../lib/gcc/nios2-elf/5.3.0/../../../../../H-x86_64-mingw32/nios2-elf/lib/mno-hw-mul\libc.a(lib_a-findfp.o) (_fwalk)
c:/intelfpga_lite/18.1/nios2eds/bin/gnu/h-x86_64-mingw32/bin/../lib/gcc/nios2-elf/5.3.0/../../../../../H-x86_64-mingw32/nios2-elf/lib/mno-hw-mul\libc.a(lib_a-impure.o)
                              c:/intelfpga_lite/18.1/nios2eds/bin/gnu/h-x86_64-mingw32/bin/../lib/gcc/nios2-elf/5.3.0/../../../../../H-x86_64-mingw32/nios2-elf/lib/mno-hw-mul\libc.a(lib_a-findfp.o) (_global_impure_ptr)
c:/intelfpga_lite/18.1/nios2eds/bin/gnu/h-x86_64-mingw32/bin/../lib/gcc/nios2-elf/5.3.0/../../../../../H-x86_64-mingw32/nios2-elf/lib/mno-hw-mul\libc.a(lib_a-mallocr.o)
                              c:/intelfpga_lite/18.1/nios2eds/bin/gnu/h-x86_64-mingw32/bin/../lib/gcc/nios2-elf/5.3.0/../../../../../H-x86_64-mingw32/nios2-elf/lib/mno-hw-mul\libc.a(lib_a-findfp.o) (_malloc_r)
c:/intelfpga_lite/18.1/nios2eds/bin/gnu/h-x86_64-mingw32/bin/../lib/gcc/nios2-elf/5.3.0/../../../../../H-x86_64-mingw32/nios2-elf/lib/mno-hw-mul\libc.a(lib_a-memchr.o)
                              c:/intelfpga_lite/18.1/nios2eds/bin/gnu/h-x86_64-mingw32/bin/../lib/gcc/nios2-elf/5.3.0/../../../../../H-x86_64-mingw32/nios2-elf/lib/mno-hw-mul\libc.a(lib_a-fvwrite.o) (memchr)
c:/intelfpga_lite/18.1/nios2eds/bin/gnu/h-x86_64-mingw32/bin/../lib/gcc/nios2-elf/5.3.0/../../../../../H-x86_64-mingw32/nios2-elf/lib/mno-hw-mul\libc.a(lib_a-memcpy.o)
                              c:/intelfpga_lite/18.1/nios2eds/bin/gnu/h-x86_64-mingw32/bin/../lib/gcc/nios2-elf/5.3.0/../../../../../H-x86_64-mingw32/nios2-elf/lib/mno-hw-mul\libc.a(lib_a-fvwrite.o) (memcpy)
c:/intelfpga_lite/18.1/nios2eds/bin/gnu/h-x86_64-mingw32/bin/../lib/gcc/nios2-elf/5.3.0/../../../../../H-x86_64-mingw32/nios2-elf/lib/mno-hw-mul\libc.a(lib_a-memmove.o)
                              c:/intelfpga_lite/18.1/nios2eds/bin/gnu/h-x86_64-mingw32/bin/../lib/gcc/nios2-elf/5.3.0/../../../../../H-x86_64-mingw32/nios2-elf/lib/mno-hw-mul\libc.a(lib_a-fvwrite.o) (memmove)
c:/intelfpga_lite/18.1/nios2eds/bin/gnu/h-x86_64-mingw32/bin/../lib/gcc/nios2-elf/5.3.0/../../../../../H-x86_64-mingw32/nios2-elf/lib/mno-hw-mul\libc.a(lib_a-memset.o)
                              c:/intelfpga_lite/18.1/nios2eds/bin/gnu/h-x86_64-mingw32/bin/../lib/gcc/nios2-elf/5.3.0/../../../../../H-x86_64-mingw32/nios2-elf/lib/mno-hw-mul\libc.a(lib_a-findfp.o) (memset)
c:/intelfpga_lite/18.1/nios2eds/bin/gnu/h-x86_64-mingw32/bin/../lib/gcc/nios2-elf/5.3.0/../../../../../H-x86_64-mingw32/nios2-elf/lib/mno-hw-mul\libc.a(lib_a-reallocr.o)
                              c:/intelfpga_lite/18.1/nios2eds/bin/gnu/h-x86_64-mingw32/bin/../lib/gcc/nios2-elf/5.3.0/../../../../../H-x86_64-mingw32/nios2-elf/lib/mno-hw-mul\libc.a(lib_a-fvwrite.o) (_realloc_r)
c:/intelfpga_lite/18.1/nios2eds/bin/gnu/h-x86_64-mingw32/bin/../lib/gcc/nios2-elf/5.3.0/../../../../../H-x86_64-mingw32/nios2-elf/lib/mno-hw-mul\libc.a(lib_a-sbrkr.o)
                              c:/intelfpga_lite/18.1/nios2eds/bin/gnu/h-x86_64-mingw32/bin/../lib/gcc/nios2-elf/5.3.0/../../../../../H-x86_64-mingw32/nios2-elf/lib/mno-hw-mul\libc.a(lib_a-mallocr.o) (_sbrk_r)
c:/intelfpga_lite/18.1/nios2eds/bin/gnu/h-x86_64-mingw32/bin/../lib/gcc/nios2-elf/5.3.0/../../../../../H-x86_64-mingw32/nios2-elf/lib/mno-hw-mul\libc.a(lib_a-stdio.o)
[...]
Memory Configuration

Name             Origin             Length             Attributes
reset            0x0000000000800000 0x0000000000000020
sdram            0x0000000000800020 0x00000000007fffe0
*default*        0x0000000000000000 0xffffffffffffffff

Linker script and memory map

LOAD ../bigsnake_bsp//obj/HAL/src/crt0.o
LOAD obj/default/hello_ucosii.o
LOAD c:/intelfpga_lite/18.1/nios2eds/bin/gnu/h-x86_64-mingw32/bin/../lib/gcc/nios2-elf/5.3.0/../../../../../H-x86_64-mingw32/nios2-elf/lib/mno-hw-mul\libstdc++.a
LOAD c:/intelfpga_lite/18.1/nios2eds/bin/gnu/h-x86_64-mingw32/bin/../lib/gcc/nios2-elf/5.3.0/../../../../../H-x86_64-mingw32/nios2-elf/lib/mno-hw-mul\libm.a
LOAD c:/intelfpga_lite/18.1/nios2eds/bin/gnu/h-x86_64-mingw32/bin/../lib/gcc/nios2-elf/5.3.0/mno-hw-mul\libgcc.a
START GROUP
LOAD c:/intelfpga_lite/18.1/nios2eds/bin/gnu/h-x86_64-mingw32/bin/../lib/gcc/nios2-elf/5.3.0/../../../../../H-x86_64-mingw32/nios2-elf/lib/mno-hw-mul\libc.a
LOAD c:/intelfpga_lite/18.1/nios2eds/bin/gnu/h-x86_64-mingw32/bin/../lib/gcc/nios2-elf/5.3.0/mno-hw-mul\libgcc.a
LOAD ../bigsnake_bsp/\libucosii_bsp.a
LOAD c:/intelfpga_lite/18.1/nios2eds/bin/gnu/h-x86_64-mingw32/bin/../lib/gcc/nios2-elf/5.3.0/../../../../../H-x86_64-mingw32/nios2-elf/lib/mno-hw-mul\libm.a
END GROUP
LOAD c:/intelfpga_lite/18.1/nios2eds/bin/gnu/h-x86_64-mingw32/bin/../lib/gcc/nios2-elf/5.3.0/mno-hw-mul\libgcc.a
                0x0000000000800000                __alt_mem_sdram = 0x800000

.entry          0x0000000000800000       0x20
 *(.entry)
 .entry         0x0000000000800000       0x20 ../bigsnake_bsp//obj/HAL/src/crt0.o
                0x0000000000800000                __reset

.exceptions     0x0000000000800020      0x214
                0x0000000000800020                PROVIDE (__ram_exceptions_start, ABSOLUTE (.))
                0x0000000000800020                . = ALIGN (0x20)
 *(.irq)
 *(.exceptions.entry.label)
 .exceptions.entry.label
                0x0000000000800020        0x0 ../bigsnake_bsp/\libucosii_bsp.a(alt_irq_entry.o)
                0x0000000000800020                alt_irq_entry
 .exceptions.entry.label
                0x0000000000800020        0x0 ../bigsnake_bsp/\libucosii_bsp.a(alt_exception_entry.o)
                0x0000000000800020                alt_exception
 *(.exceptions.entry.user)
 *(.exceptions.entry.ecc_fatal)
 *(.exceptions.entry)
 .exceptions.entry
                0x0000000000800020       0x54 ../bigsnake_bsp/\libucosii_bsp.a(alt_exception_entry.o)
 *(.exceptions.irqtest.user)
 *(.exceptions.irqtest)
 .exceptions.irqtest
                0x0000000000800074       0x10 ../bigsnake_bsp/\libucosii_bsp.a(alt_irq_entry.o)
 *(.exceptions.irqhandler.user)
 *(.exceptions.irqhandler)
 .exceptions.irqhandler
                0x0000000000800084        0x4 ../bigsnake_bsp/\libucosii_bsp.a(alt_irq_entry.o)
 *(.exceptions.irqreturn.user)
 *(.exceptions.irqreturn)
 .exceptions.irqreturn
                0x0000000000800088        0x4 ../bigsnake_bsp/\libucosii_bsp.a(alt_irq_entry.o)
 *(.exceptions.notirq.label)
 .exceptions.notirq.label
                0x000000000080008c        0x0 ../bigsnake_bsp/\libucosii_bsp.a(alt_irq_entry.o)
 *(.exceptions.notirq.user)
 *(.exceptions.notirq)
 .exceptions.notirq
                0x000000000080008c        0x8 ../bigsnake_bsp/\libucosii_bsp.a(alt_exception_entry.o)
 *(.exceptions.soft.user)
 *(.exceptions.soft)
 *(.exceptions.unknown.user)
 *(.exceptions.unknown)
 .exceptions.unknown
                0x0000000000800094       0x14 ../bigsnake_bsp/\libucosii_bsp.a(alt_exception_entry.o)
 *(.exceptions.exit.label)
 .exceptions.exit.label
                0x00000000008000a8        0x0 ../bigsnake_bsp/\libucosii_bsp.a(alt_irq_entry.o)
 .exceptions.exit.label
                0x00000000008000a8        0x0 ../bigsnake_bsp/\libucosii_bsp.a(alt_exception_entry.o)
 *(.exceptions.exit.user)
 *(.exceptions.exit)
 .exceptions.exit
                0x00000000008000a8       0x54 ../bigsnake_bsp/\libucosii_bsp.a(alt_exception_entry.o)
 *(.exceptions)
 .exceptions    0x00000000008000fc       0xd8 ../bigsnake_bsp/\libucosii_bsp.a(alt_irq_handler.o)
                0x00000000008000fc                alt_irq_handler
 .exceptions    0x00000000008001d4       0x60 ../bigsnake_bsp/\libucosii_bsp.a(alt_instruction_exception_entry.o)
                0x00000000008001d4                alt_instruction_exception_entry
                0x0000000000800234                PROVIDE (__ram_exceptions_end, ABSOLUTE (.))
                0x0000000000800020                PROVIDE (__flash_exceptions_start, LOADADDR (.exceptions))

.text           0x0000000000800234     0xd7d0
                [!provide]                        PROVIDE (stext, ABSOLUTE (.))
 *(.interp)
 *(.hash)
 *(.dynsym)
 *(.dynstr)
 *(.gnu.version)
 *(.gnu.version_d)
 *(.gnu.version_r)
 *(.rel.init)
 *(.rela.init)
 *(.rel.text .rel.text.* .rel.gnu.linkonce.t.*)
 *(.rela.text .rela.text.* .rela.gnu.linkonce.t.*)
 *(.rel.fini)
 *(.rela.fini)
 *(.rel.rodata .rel.rodata.* .rel.gnu.linkonce.r.*)
 *(.rela.rodata .rela.rodata.* .rela.gnu.linkonce.r.*)
 *(.rel.data .rel.data.* .rel.gnu.linkonce.d.*)
 *(.rela.data .rela.data.* .rela.gnu.linkonce.d.*)
 *(.rel.tdata .rel.tdata.* .rel.gnu.linkonce.td.*)
 *(.rela.tdata .rela.tdata.* .rela.gnu.linkonce.td.*)
 *(.rel.tbss .rel.tbss.* .rel.gnu.linkonce.tb.*)
 *(.rela.tbss .rela.tbss.* .rela.gnu.linkonce.tb.*)
 *(.rel.ctors)
 *(.rela.ctors)
 *(.rel.dtors)
 *(.rela.dtors)
 *(.rel.got)
 *(.rela.got)
 *(.rel.sdata .rel.sdata.* .rel.gnu.linkonce.s.*)
 *(.rela.sdata .rela.sdata.* .rela.gnu.linkonce.s.*)
 *(.rel.sbss .rel.sbss.* .rel.gnu.linkonce.sb.*)
 *(.rela.sbss .rela.sbss.* .rela.gnu.linkonce.sb.*)
 *(.rel.sdata2 .rel.sdata2.* .rel.gnu.linkonce.s2.*)
 *(.rela.sdata2 .rela.sdata2.* .rela.gnu.linkonce.s2.*)
 *(.rel.sbss2 .rel.sbss2.* .rel.gnu.linkonce.sb2.*)
 *(.rela.sbss2 .rela.sbss2.* .rela.gnu.linkonce.sb2.*)
 *(.rel.bss .rel.bss.* .rel.gnu.linkonce.b.*)
 *(.rela.bss .rela.bss.* .rela.gnu.linkonce.b.*)
 *(.rel.plt)
 *(.rela.plt)
 *(.rel.dyn)
 *(.init)
 *(.plt)
 *(.text .stub .text.* .gnu.linkonce.t.*)
 .text          0x0000000000800234       0x3c ../bigsnake_bsp//obj/HAL/src/crt0.o
                0x0000000000800234                _start
 .text          0x0000000000800270      0x1b8 obj/default/hello_ucosii.o
                0x0000000000800270                task1
                0x00000000008002a8                task2
                0x00000000008002e0                main
 .text          0x0000000000800428        0x0 c:/intelfpga_lite/18.1/nios2eds/bin/gnu/h-x86_64-mingw32/bin/../lib/gcc/nios2-elf/5.3.0/../../../../../H-x86_64-mingw32/nios2-elf/lib/mno-hw-mul\libc.a(lib_a-puts.o)
 .text._puts_r  0x0000000000800428       0xc0 c:/intelfpga_lite/18.1/nios2eds/bin/gnu/h-x86_64-mingw32/bin/../lib/gcc/nios2-elf/5.3.0/../../../../../H-x86_64-mingw32/nios2-elf/lib/mno-hw-mul\libc.a(lib_a-puts.o)
                0x0000000000800428                _puts_r
 .text.puts     0x00000000008004e8       0x14 c:/intelfpga_lite/18.1/nios2eds/bin/gnu/h-x86_64-mingw32/bin/../lib/gcc/nios2-elf/5.3.0/../../../../../H-x86_64-mingw32/nios2-elf/lib/mno-hw-mul\libc.a(lib_a-puts.o)
                0x00000000008004e8                puts
 .text          0x00000000008004fc        0x0 c:/intelfpga_lite/18.1/nios2eds/bin/gnu/h-x86_64-mingw32/bin/../lib/gcc/nios2-elf/5.3.0/../../../../../H-x86_64-mingw32/nios2-elf/lib/mno-hw-mul\libc.a(lib_a-strlen.o)
 .text.strlen   0x00000000008004fc       0x98 c:/intelfpga_lite/18.1/nios2eds/bin/gnu/h-x86_64-mingw32/bin/../lib/gcc/nios2-elf/5.3.0/../../../../../H-x86_64-mingw32/nios2-elf/lib/mno-hw-mul\libc.a(lib_a-strlen.o)
                0x00000000008004fc                strlen
 .text          0x0000000000800594        0x0 c:/intelfpga_lite/18.1/nios2eds/bin/gnu/h-x86_64-mingw32/bin/../lib/gcc/nios2-elf/5.3.0/../../../../../H-x86_64-mingw32/nios2-elf/lib/mno-hw-mul\libc.a(lib_a-findfp.o)
 .text.__fp_unlock
                0x0000000000800594        0x8 c:/intelfpga_lite/18.1/nios2eds/bin/gnu/h-x86_64-mingw32/bin/../lib/gcc/nios2-elf/5.3.0/../../../../../H-x86_64-mingw32/nios2-elf/lib/mno-hw-mul\libc.a(lib_a-findfp.o)
 .text._cleanup_r
                0x000000000080059c        0xc c:/intelfpga_lite/18.1/nios2eds/bin/gnu/h-x86_64-mingw32/bin/../lib/gcc/nios2-elf/5.3.0/../../../../../H-x86_64-mingw32/nios2-elf/lib/mno-hw-mul\libc.a(lib_a-findfp.o)
                0x000000000080059c                _cleanup_r
 .text.__sinit.part.1
                0x00000000008005a8      0x19c c:/intelfpga_lite/18.1/nios2eds/bin/gnu/h-x86_64-mingw32/bin/../lib/gcc/nios2-elf/5.3.0/../../../../../H-x86_64-mingw32/nios2-elf/lib/mno-hw-mul\libc.a(lib_a-findfp.o)
 .text.__fp_lock
                0x0000000000800744        0x8 c:/intelfpga_lite/18.1/nios2eds/bin/gnu/h-x86_64-mingw32/bin/../lib/gcc/nios2-elf/5.3.0/../../../../../H-x86_64-mingw32/nios2-elf/lib/mno-hw-mul\libc.a(lib_a-findfp.o)
 .text.__sfmoreglue
                0x000000000080074c       0x78 c:/intelfpga_lite/18.1/nios2eds/bin/gnu/h-x86_64-mingw32/bin/../lib/gcc/nios2-elf/5.3.0/../../../../../H-x86_64-mingw32/nios2-elf/lib/mno-hw-mul\libc.a(lib_a-findfp.o)
                0x000000000080074c                __sfmoreglue
 .text.__sfp    0x00000000008007c4      0x118 c:/intelfpga_lite/18.1/nios2eds/bin/gnu/h-x86_64-mingw32/bin/../lib/gcc/nios2-elf/5.3.0/../../../../../H-x86_64-mingw32/nios2-elf/lib/mno-hw-mul\libc.a(lib_a-findfp.o)
                0x00000000008007c4                __sfp
 .text._cleanup
                0x00000000008008dc       0x18 c:/intelfpga_lite/18.1/nios2eds/bin/gnu/h-x86_64-mingw32/bin/../lib/gcc/nios2-elf/5.3.0/../../../../../H-x86_64-mingw32/nios2-elf/lib/mno-hw-mul\libc.a(lib_a-findfp.o)
                0x00000000008008dc                _cleanup
 .text.__sinit  0x00000000008008f4       0x10 c:/intelfpga_lite/18.1/nios2eds/bin/gnu/h-x86_64-mingw32/bin/../lib/gcc/nios2-elf/5.3.0/../../../../../H-x86_64-mingw32/nios2-elf/lib/mno-hw-mul\libc.a(lib_a-findfp.o)
                0x00000000008008f4                __sinit
 .text.__sfp_lock_acquire
                0x0000000000800904        0x4 c:/intelfpga_lite/18.1/nios2eds/bin/gnu/h-x86_64-mingw32/bin/../lib/gcc/nios2-elf/5.3.0/../../../../../H-x86_64-mingw32/nios2-elf/lib/mno-hw-mul\libc.a(lib_a-findfp.o)
                0x0000000000800904                __sfp_lock_acquire
 .text.__sfp_lock_release
                0x0000000000800908        0x4 c:/intelfpga_lite/18.1/nios2eds/bin/gnu/h-x86_64-mingw32/bin/../lib/gcc/nios2-elf/5.3.0/../../../../../H-x86_64-mingw32/nios2-elf/lib/mno-hw-mul\libc.a(lib_a-findfp.o)
                0x0000000000800908                __sfp_lock_release
 .text.__sinit_lock_acquire
                0x000000000080090c        0x4 c:/intelfpga_lite/18.1/nios2eds/bin/gnu/h-x86_64-mingw32/bin/../lib/gcc/nios2-elf/5.3.0/../../../../../H-x86_64-mingw32/nios2-elf/lib/mno-hw-mul\libc.a(lib_a-findfp.o)
                0x000000000080090c                __sinit_lock_acquire
 .text.__sinit_lock_release
                0x0000000000800910        0x4 c:/intelfpga_lite/18.1/nios2eds/bin/gnu/h-x86_64-mingw32/bin/../lib/gcc/nios2-elf/5.3.0/../../../../../H-x86_64-mingw32/nios2-elf/lib/mno-hw-mul\libc.a(lib_a-findfp.o)
                0x0000000000800910                __sinit_lock_release
 .text.__fp_lock_all
                0x0000000000800914       0x18 c:/intelfpga_lite/18.1/nios2eds/bin/gnu/h-x86_64-mingw32/bin/../lib/gcc/nios2-elf/5.3.0/../../../../../H-x86_64-mingw32/nios2-elf/lib/mno-hw-mul\libc.a(lib_a-findfp.o)
                0x0000000000800914                __fp_lock_all
 .text.__fp_unlock_all
                0x000000000080092c       0x18 c:/intelfpga_lite/18.1/nios2eds/bin/gnu/h-x86_64-mingw32/bin/../lib/gcc/nios2-elf/5.3.0/../../../../../H-x86_64-mingw32/nios2-elf/lib/mno-hw-mul\libc.a(lib_a-findfp.o)
                0x000000000080092c                __fp_unlock_all
 .text          0x0000000000800944        0x0 c:/intelfpga_lite/18.1/nios2eds/bin/gnu/h-x86_64-mingw32/bin/../lib/gcc/nios2-elf/5.3.0/../../../../../H-x86_64-mingw32/nios2-elf/lib/mno-hw-mul\libc.a(lib_a-fvwrite.o)
 .text.__sfvwrite_r
                0x0000000000800944      0x4c8 c:/intelfpga_lite/18.1/nios2eds/bin/gnu/h-x86_64-mingw32/bin/../lib/gcc/nios2-elf/5.3.0/../../../../../H-x86_64-mingw32/nios2-elf/lib/mno-hw-mul\libc.a(lib_a-fvwrite.o)
                0x0000000000800944                __sfvwrite_r
 .text          0x0000000000800e0c        0x0 c:/intelfpga_lite/18.1/nios2eds/bin/gnu/h-x86_64-mingw32/bin/../lib/gcc/nios2-elf/5.3.0/../../../../../H-x86_64-mingw32/nios2-elf/lib/mno-hw-mul\libc.a(lib_a-fwalk.o)
 .text._fwalk   0x0000000000800e0c       0xc4 c:/intelfpga_lite/18.1/nios2eds/bin/gnu/h-x86_64-mingw32/bin/../lib/gcc/nios2-elf/5.3.0/../../../../../H-x86_64-mingw32/nios2-elf/lib/mno-hw-mul\libc.a(lib_a-fwalk.o)
                0x0000000000800e0c                _fwalk
 .text._fwalk_reent
                0x0000000000800ed0       0xc4 c:/intelfpga_lite/18.1/nios2eds/bin/gnu/h-x86_64-mingw32/bin/../lib/gcc/nios2-elf/5.3.0/../../../../../H-x86_64-mingw32/nios2-elf/lib/mno-hw-mul\libc.a(lib_a-fwalk.o)
                0x0000000000800ed0                _fwalk_reent
 .text          0x0000000000800f94        0x0 c:/intelfpga_lite/18.1/nios2eds/bin/gnu/h-x86_64-mingw32/bin/../lib/gcc/nios2-elf/5.3.0/../../../../../H-x86_64-mingw32/nios2-elf/lib/mno-hw-mul\libc.a(lib_a-impure.o)
 .text          0x0000000000800f94        0x0 c:/intelfpga_lite/18.1/nios2eds/bin/gnu/h-x86_64-mingw32/bin/../lib/gcc/nios2-elf/5.3.0/../../../../../H-x86_64-mingw32/nios2-elf/lib/mno-hw-mul\libc.a(lib_a-mallocr.o)
 .text._malloc_r
                0x0000000000800f94      0x80c c:/intelfpga_lite/18.1/nios2eds/bin/gnu/h-x86_64-mingw32/bin/../lib/gcc/nios2-elf/5.3.0/../../../../../H-x86_64-mingw32/nios2-elf/lib/mno-hw-mul\libc.a(lib_a-mallocr.o)
                0x0000000000800f94                _malloc_r
 .text          0x00000000008017a0        0x0 c:/intelfpga_lite/18.1/nios2eds/bin/gnu/h-x86_64-mingw32/bin/../lib/gcc/nios2-elf/5.3.0/../../../../../H-x86_64-mingw32/nios2-elf/lib/mno-hw-mul\libc.a(lib_a-memchr.o)
 .text.memchr   0x00000000008017a0       0xe4 c:/intelfpga_lite/18.1/nios2eds/bin/gnu/h-x86_64-mingw32/bin/../lib/gcc/nios2-elf/5.3.0/../../../../../H-x86_64-mingw32/nios2-elf/lib/mno-hw-mul\libc.a(lib_a-memchr.o)
                0x00000000008017a0                memchr
 .text          0x0000000000801884        0x0 c:/intelfpga_lite/18.1/nios2eds/bin/gnu/h-x86_64-mingw32/bin/../lib/gcc/nios2-elf/5.3.0/../../../../../H-x86_64-mingw32/nios2-elf/lib/mno-hw-mul\libc.a(lib_a-memcpy.o)
 .text.memcpy   0x0000000000801884      0x148 c:/intelfpga_lite/18.1/nios2eds/bin/gnu/h-x86_64-mingw32/bin/../lib/gcc/nios2-elf/5.3.0/../../../../../H-x86_64-mingw32/nios2-elf/lib/mno-hw-mul\libc.a(lib_a-memcpy.o)
                0x0000000000801884                memcpy
 .text          0x00000000008019cc        0x0 c:/intelfpga_lite/18.1/nios2eds/bin/gnu/h-x86_64-mingw32/bin/../lib/gcc/nios2-elf/5.3.0/../../../../../H-x86_64-mingw32/nios2-elf/lib/mno-hw-mul\libc.a(lib_a-memmove.o)
 .text.memmove  0x00000000008019cc      0x15c c:/intelfpga_lite/18.1/nios2eds/bin/gnu/h-x86_64-mingw32/bin/../lib/gcc/nios2-elf/5.3.0/../../../../../H-x86_64-mingw32/nios2-elf/lib/mno-hw-mul\libc.a(lib_a-memmove.o)
                0x00000000008019cc                memmove
 .text          0x0000000000801b28        0x0 c:/intelfpga_lite/18.1/nios2eds/bin/gnu/h-x86_64-mingw32/bin/../lib/gcc/nios2-elf/5.3.0/../../../../../H-x86_64-mingw32/nios2-elf/lib/mno-hw-mul\libc.a(lib_a-memset.o)
 .text.memset   0x0000000000801b28      0x128 c:/intelfpga_lite/18.1/nios2eds/bin/gnu/h-x86_64-mingw32/bin/../lib/gcc/nios2-elf/5.3.0/../../../../../H-x86_64-mingw32/nios2-elf/lib/mno-hw-mul\libc.a(lib_a-memset.o)
                0x0000000000801b28                memset
 .text          0x0000000000801c50        0x0 c:/intelfpga_lite/18.1/nios2eds/bin/gnu/h-x86_64-mingw32/bin/../lib/gcc/nios2-elf/5.3.0/../../../../../H-x86_64-mingw32/nios2-elf/lib/mno-hw-mul\libc.a(lib_a-reallocr.o)
 .text._realloc_r
                0x0000000000801c50      0x564 c:/intelfpga_lite/18.1/nios2eds/bin/gnu/h-x86_64-mingw32/bin/../lib/gcc/nios2-elf/5.3.0/../../../../../H-x86_64-mingw32/nios2-elf/lib/mno-hw-mul\libc.a(lib_a-reallocr.o)
                0x0000000000801c50                _realloc_r
 .text          0x00000000008021b4        0x0 c:/intelfpga_lite/18.1/nios2eds/bin/gnu/h-x86_64-mingw32/bin/../lib/gcc/nios2-elf/5.3.0/../../../../../H-x86_64-mingw32/nios2-elf/lib/mno-hw-mul\libc.a(lib_a-sbrkr.o)
 .text._sbrk_r  0x00000000008021b4       0x54 c:/intelfpga_lite/18.1/nios2eds/bin/gnu/h-x86_64-mingw32/bin/../lib/gcc/nios2-elf/5.3.0/../../../../../H-x86_64-mingw32/nios2-elf/lib/mno-hw-mul\libc.a(lib_a-sbrkr.o)
                0x00000000008021b4                _sbrk_r
 .text          0x0000000000802208        0x0 c:/intelfpga_lite/18.1/nios2eds/bin/gnu/h-x86_64-mingw32/bin/../lib/gcc/nios2-elf/5.3.0/../../../../../H-x86_64-mingw32/nios2-elf/lib/mno-hw-mul\libc.a(lib_a-stdio.o)
 .text.__sread  0x0000000000802208       0x54 c:/intelfpga_lite/18.1/nios2eds/bin/gnu/h-x86_64-mingw32/bin/../lib/gcc/nios2-elf/5.3.0/../../../../../H-x86_64-mingw32/nios2-elf/lib/mno-hw-mul\libc.a(lib_a-stdio.o)
                0x0000000000802208                __sread
 .text.__seofread
                0x000000000080225c        0x8 c:/intelfpga_lite/18.1/nios2eds/bin/gnu/h-x86_64-mingw32/bin/../lib/gcc/nios2-elf/5.3.0/../../../../../H-x86_64-mingw32/nios2-elf/lib/mno-hw-mul\libc.a(lib_a-stdio.o)
                0x000000000080225c                __seofread
 .text.__swrite
                0x0000000000802264       0x7c c:/intelfpga_lite/18.1/nios2eds/bin/gnu/h-x86_64-mingw32/bin/../lib/gcc/nios2-elf/5.3.0/../../../../../H-x86_64-mingw32/nios2-elf/lib/mno-hw-mul\libc.a(lib_a-stdio.o)
                0x0000000000802264                __swrite
 .text.__sseek  0x00000000008022e0       0x5c c:/intelfpga_lite/18.1/nios2eds/bin/gnu/h-x86_64-mingw32/bin/../lib/gcc/nios2-elf/5.3.0/../../../../../H-x86_64-mingw32/nios2-elf/lib/mno-hw-mul\libc.a(lib_a-stdio.o)
                0x00000000008022e0                __sseek
 .text.__sclose
                0x000000000080233c        0x8 c:/intelfpga_lite/18.1/nios2eds/bin/gnu/h-x86_64-mingw32/bin/../lib/gcc/nios2-elf/5.3.0/../../../../../H-x86_64-mingw32/nios2-elf/lib/mno-hw-mul\libc.a(lib_a-stdio.o)
                0x000000000080233c                __sclose
 .text          0x0000000000802344        0x0 c:/intelfpga_lite/18.1/nios2eds/bin/gnu/h-x86_64-mingw32/bin/../lib/gcc/nios2-elf/5.3.0/../../../../../H-x86_64-mingw32/nios2-elf/lib/mno-hw-mul\libc.a(lib_a-writer.o)
 .text._write_r
                0x0000000000802344       0x60 c:/intelfpga_lite/18.1/nios2eds/bin/gnu/h-x86_64-mingw32/bin/../lib/gcc/nios2-elf/5.3.0/../../../../../H-x86_64-mingw32/nios2-elf/lib/mno-hw-mul\libc.a(lib_a-writer.o)
                0x0000000000802344                _write_r
 .text          0x00000000008023a4        0x0 c:/intelfpga_lite/18.1/nios2eds/bin/gnu/h-x86_64-mingw32/bin/../lib/gcc/nios2-elf/5.3.0/../../../../../H-x86_64-mingw32/nios2-elf/lib/mno-hw-mul\libc.a(lib_a-wsetup.o)
 .text.__swsetup_r
                0x00000000008023a4      0x154 c:/intelfpga_lite/18.1/nios2eds/bin/gnu/h-x86_64-mingw32/bin/../lib/gcc/nios2-elf/5.3.0/../../../../../H-x86_64-mingw32/nios2-elf/lib/mno-hw-mul\libc.a(lib_a-wsetup.o)
                0x00000000008023a4                __swsetup_r
 .text          0x00000000008024f8        0x0 c:/intelfpga_lite/18.1/nios2eds/bin/gnu/h-x86_64-mingw32/bin/../lib/gcc/nios2-elf/5.3.0/../../../../../H-x86_64-mingw32/nios2-elf/lib/mno-hw-mul\libc.a(closer.o)
 .text._close_r
                0x00000000008024f8       0x54 c:/intelfpga_lite/18.1/nios2eds/bin/gnu/h-x86_64-mingw32/bin/../lib/gcc/nios2-elf/5.3.0/../../../../../H-x86_64-mingw32/nios2-elf/lib/mno-hw-mul\libc.a(closer.o)
                0x00000000008024f8                _close_r
 .text          0x000000000080254c        0x0 c:/intelfpga_lite/18.1/nios2eds/bin/gnu/h-x86_64-mingw32/bin/../lib/gcc/nios2-elf/5.3.0/../../../../../H-x86_64-mingw32/nios2-elf/lib/mno-hw-mul\libc.a(lib_a-fclose.o)
 .text._fclose_r
                0x000000000080254c       0xf0 c:/intelfpga_lite/18.1/nios2eds/bin/gnu/h-x86_64-mingw32/bin/../lib/gcc/nios2-elf/5.3.0/../../../../../H-x86_64-mingw32/nios2-elf/lib/mno-hw-mul\libc.a(lib_a-fclose.o)
                0x000000000080254c                _fclose_r
 .text.fclose   0x000000000080263c       0x14 c:/intelfpga_lite/18.1/nios2eds/bin/gnu/h-x86_64-mingw32/bin/../lib/gcc/nios2-elf/5.3.0/../../../../../H-x86_64-mingw32/nios2-elf/lib/mno-hw-mul\libc.a(lib_a-fclose.o)
                0x000000000080263c                fclose
 .text          0x0000000000802650        0x0 c:/intelfpga_lite/18.1/nios2eds/bin/gnu/h-x86_64-mingw32/bin/../lib/gcc/nios2-elf/5.3.0/../../../../../H-x86_64-mingw32/nios2-elf/lib/mno-hw-mul\libc.a(lib_a-fflush.o)
 .text.__sflush_r
                0x0000000000802650      0x21c c:/intelfpga_lite/18.1/nios2eds/bin/gnu/h-x86_64-mingw32/bin/../lib/gcc/nios2-elf/5.3.0/../../../../../H-x86_64-mingw32/nios2-elf/lib/mno-hw-mul\libc.a(lib_a-fflush.o)
                0x0000000000802650                __sflush_r
 .text._fflush_r
                0x000000000080286c       0x5c c:/intelfpga_lite/18.1/nios2eds/bin/gnu/h-x86_64-mingw32/bin/../lib/gcc/nios2-elf/5.3.0/../../../../../H-x86_64-mingw32/nios2-elf/lib/mno-hw-mul\libc.a(lib_a-fflush.o)
                0x000000000080286c                _fflush_r
 .text.fflush   0x00000000008028c8       0x30 c:/intelfpga_lite/18.1/nios2eds/bin/gnu/h-x86_64-mingw32/bin/../lib/gcc/nios2-elf/5.3.0/../../../../../H-x86_64-mingw32/nios2-elf/lib/mno-hw-mul\libc.a(lib_a-fflush.o)
                0x00000000008028c8                fflush
 .text          0x00000000008028f8        0x0 c:/intelfpga_lite/18.1/nios2eds/bin/gnu/h-x86_64-mingw32/bin/../lib/gcc/nios2-elf/5.3.0/../../../../../H-x86_64-mingw32/nios2-elf/lib/mno-hw-mul\libc.a(lib_a-freer.o)
 .text._malloc_trim_r
                0x00000000008028f8      0x124 c:/intelfpga_lite/18.1/nios2eds/bin/gnu/h-x86_64-mingw32/bin/../lib/gcc/nios2-elf/5.3.0/../../../../../H-x86_64-mingw32/nios2-elf/lib/mno-hw-mul\libc.a(lib_a-freer.o)
                0x00000000008028f8                _malloc_trim_r
 .text._free_r  0x0000000000802a1c      0x310 c:/intelfpga_lite/18.1/nios2eds/bin/gnu/h-x86_64-mingw32/bin/../lib/gcc/nios2-elf/5.3.0/../../../../../H-x86_64-mingw32/nios2-elf/lib/mno-hw-mul\libc.a(lib_a-freer.o)
                0x0000000000802a1c                _free_r
 .text          0x0000000000802d2c        0x0 c:/intelfpga_lite/18.1/nios2eds/bin/gnu/h-x86_64-mingw32/bin/../lib/gcc/nios2-elf/5.3.0/../../../../../H-x86_64-mingw32/nios2-elf/lib/mno-hw-mul\libc.a(lib_a-int_errno.o)
 .text          0x0000000000802d2c        0x0 c:/intelfpga_lite/18.1/nios2eds/bin/gnu/h-x86_64-mingw32/bin/../lib/gcc/nios2-elf/5.3.0/../../../../../H-x86_64-mingw32/nios2-elf/lib/mno-hw-mul\libc.a(lib_a-lseekr.o)
 .text._lseek_r
                0x0000000000802d2c       0x60 c:/intelfpga_lite/18.1/nios2eds/bin/gnu/h-x86_64-mingw32/bin/../lib/gcc/nios2-elf/5.3.0/../../../../../H-x86_64-mingw32/nios2-elf/lib/mno-hw-mul\libc.a(lib_a-lseekr.o)
                0x0000000000802d2c                _lseek_r
 .text          0x0000000000802d8c        0x0 c:/intelfpga_lite/18.1/nios2eds/bin/gnu/h-x86_64-mingw32/bin/../lib/gcc/nios2-elf/5.3.0/../../../../../H-x86_64-mingw32/nios2-elf/lib/mno-hw-mul\libc.a(lib_a-makebuf.o)
 .text.__smakebuf_r
                0x0000000000802d8c      0x1bc c:/intelfpga_lite/18.1/nios2eds/bin/gnu/h-x86_64-mingw32/bin/../lib/gcc/nios2-elf/5.3.0/../../../../../H-x86_64-mingw32/nios2-elf/lib/mno-hw-mul\libc.a(lib_a-makebuf.o)
                0x0000000000802d8c                __smakebuf_r
 .text          0x0000000000802f48        0x0 c:/intelfpga_lite/18.1/nios2eds/bin/gnu/h-x86_64-mingw32/bin/../lib/gcc/nios2-elf/5.3.0/../../../../../H-x86_64-mingw32/nios2-elf/lib/mno-hw-mul\libc.a(lib_a-readr.o)
 .text._read_r  0x0000000000802f48       0x60 c:/intelfpga_lite/18.1/nios2eds/bin/gnu/h-x86_64-mingw32/bin/../lib/gcc/nios2-elf/5.3.0/../../../../../H-x86_64-mingw32/nios2-elf/lib/mno-hw-mul\libc.a(lib_a-readr.o)
                0x0000000000802f48                _read_r
 .text          0x0000000000802fa8        0x0 c:/intelfpga_lite/18.1/nios2eds/bin/gnu/h-x86_64-mingw32/bin/../lib/gcc/nios2-elf/5.3.0/../../../../../H-x86_64-mingw32/nios2-elf/lib/mno-hw-mul\libc.a(lib_a-fstatr.o)
 .text._fstat_r
                0x0000000000802fa8       0x5c c:/intelfpga_lite/18.1/nios2eds/bin/gnu/h-x86_64-mingw32/bin/../lib/gcc/nios2-elf/5.3.0/../../../../../H-x86_64-mingw32/nios2-elf/lib/mno-hw-mul\libc.a(lib_a-fstatr.o)
                0x0000000000802fa8                _fstat_r
 .text          0x0000000000803004        0x0 c:/intelfpga_lite/18.1/nios2eds/bin/gnu/h-x86_64-mingw32/bin/../lib/gcc/nios2-elf/5.3.0/../../../../../H-x86_64-mingw32/nios2-elf/lib/mno-hw-mul\libc.a(lib_a-isattyr.o)
 .text._isatty_r
                0x0000000000803004       0x54 c:/intelfpga_lite/18.1/nios2eds/bin/gnu/h-x86_64-mingw32/bin/../lib/gcc/nios2-elf/5.3.0/../../../../../H-x86_64-mingw32/nios2-elf/lib/mno-hw-mul\libc.a(lib_a-isattyr.o)
                0x0000000000803004                _isatty_r
 .text          0x0000000000803058      0x1b4 c:/intelfpga_lite/18.1/nios2eds/bin/gnu/h-x86_64-mingw32/bin/../lib/gcc/nios2-elf/5.3.0/mno-hw-mul\libgcc.a(lib2-divmod.o)
                0x0000000000803058                __divsi3
                0x00000000008030dc                __modsi3
                0x0000000000803150                __udivsi3
                0x00000000008031b4                __umodsi3
 .text          0x000000000080320c       0x28 c:/intelfpga_lite/18.1/nios2eds/bin/gnu/h-x86_64-mingw32/bin/../lib/gcc/nios2-elf/5.3.0/mno-hw-mul\libgcc.a(lib2-mul.o)
                0x000000000080320c                __mulsi3
 .text          0x0000000000803234      0x114 ../bigsnake_bsp/\libucosii_bsp.a(alt_close.o)
                0x0000000000803270                close
 .text          0x0000000000803348       0x2c ../bigsnake_bsp/\libucosii_bsp.a(alt_dev.o)
 .text          0x0000000000803374        0x0 ../bigsnake_bsp/\libucosii_bsp.a(alt_errno.o)
 .text          0x0000000000803374       0xf4 ../bigsnake_bsp/\libucosii_bsp.a(alt_fstat.o)
                0x00000000008033b0                fstat
 .text          0x0000000000803468       0xe8 ../bigsnake_bsp/\libucosii_bsp.a(alt_isatty.o)
                0x00000000008034a4                isatty
 .text          0x0000000000803550       0xec ../bigsnake_bsp/\libucosii_bsp.a(alt_load.o)
                0x00000000008035b8                alt_load
 .text          0x000000000080363c      0x118 ../bigsnake_bsp/\libucosii_bsp.a(alt_lseek.o)
                0x0000000000803678                lseek
 .text          0x0000000000803754       0xbc ../bigsnake_bsp/\libucosii_bsp.a(alt_main.o)
                0x0000000000803754                alt_main
 .text          0x0000000000803810      0x140 ../bigsnake_bsp/\libucosii_bsp.a(alt_read.o)
                0x000000000080384c                read
 .text          0x0000000000803950       0x84 ../bigsnake_bsp/\libucosii_bsp.a(alt_release_fd.o)
                0x0000000000803950                alt_release_fd
 .text          0x00000000008039d4       0xb0 ../bigsnake_bsp/\libucosii_bsp.a(alt_sbrk.o)
                0x00000000008039d4                sbrk
 .text          0x0000000000803a84      0x13c ../bigsnake_bsp/\libucosii_bsp.a(alt_write.o)
                0x0000000000803ac0                write
 .text          0x0000000000803bc0      0x124 ../bigsnake_bsp/\libucosii_bsp.a(alt_env_lock.o)
                0x0000000000803bc0                __env_lock
                0x0000000000803c84                __env_unlock
 .text          0x0000000000803ce4      0x1ec ../bigsnake_bsp/\libucosii_bsp.a(alt_malloc_lock.o)
                0x0000000000803ce4                __malloc_lock
                0x0000000000803e04                __malloc_unlock
 .text          0x0000000000803ed0     0x2014 ../bigsnake_bsp/\libucosii_bsp.a(os_core.o)
                0x0000000000803ed0                OSEventNameGet
                0x0000000000803ff0                OSEventNameSet
                0x0000000000804130                OSEventPendMulti
                0x0000000000804740                OSInit
                0x0000000000804798                OSIntEnter
                0x00000000008047e4                OSIntExit
                0x00000000008048dc                OSSchedLock
                0x0000000000804968                OSSchedUnlock
                0x0000000000804a44                OSStart
                0x0000000000804ab4                OSStatInit
                0x0000000000804b64                OSTimeTick
                0x0000000000804d84                OSVersion
                0x0000000000804da4                OS_Dummy
                0x0000000000804dc4                OS_EventTaskRdy
                0x0000000000804f5c                OS_EventTaskWait
                0x000000000080506c                OS_EventTaskWaitMulti
                0x00000000008051bc                OS_EventTaskRemove
                0x0000000000805274                OS_EventTaskRemoveMulti
                0x0000000000805374                OS_EventWaitListInit
                0x0000000000805754                OS_MemClr
                0x00000000008057a8                OS_MemCopy
                0x0000000000805810                OS_Sched
                0x0000000000805954                OS_StrCopy
                0x00000000008059c8                OS_StrLen
                0x0000000000805a1c                OS_TaskIdle
                0x0000000000805a78                OS_TaskStat
                0x0000000000805b44                OS_TaskStatStkChk
                0x0000000000805c10                OS_TCBInit
 .text          0x0000000000805ee4      0x190 ../bigsnake_bsp/\libucosii_bsp.a(os_dbg.o)
                0x0000000000805ee4                OSDebugInit
 .text          0x0000000000806074     0x1714 ../bigsnake_bsp/\libucosii_bsp.a(os_flag.o)
                0x0000000000806074                OSFlagAccept
                0x000000000080637c                OSFlagCreate
                0x0000000000806484                OSFlagDel
                0x00000000008066cc                OSFlagNameGet
                0x00000000008067f4                OSFlagNameSet
                0x0000000000806940                OSFlagPend
                0x0000000000806ef8                OSFlagPendGetFlagsRdy
                0x0000000000806f58                OSFlagPost
                0x00000000008072ec                OSFlagQuery
                0x0000000000807510                OS_FlagInit
                0x00000000008076e4                OS_FlagUnlink
 .text          0x0000000000807788      0x760 ../bigsnake_bsp/\libucosii_bsp.a(os_mem.o)
                0x0000000000807788                OSMemCreate
                0x000000000080795c                OSMemGet
                0x0000000000807a4c                OSMemNameGet
                0x0000000000807b3c                OSMemNameSet
                0x0000000000807c50                OSMemPut
                0x0000000000807d28                OSMemQuery
                0x0000000000807e10                OS_MemInit
 .text          0x0000000000807ee8     0x1104 ../bigsnake_bsp/\libucosii_bsp.a(os_q.o)
                0x0000000000807ee8                OSQAccept
                0x0000000000808028                OSQCreate
                0x00000000008081d4                OSQDel
                0x0000000000808454                OSQFlush
                0x000000000080850c                OSQPend
                0x0000000000808798                OSQPendAbort
                0x0000000000808904                OSQPost
                0x0000000000808a6c                OSQPostFront
                0x0000000000808bdc                OSQPostOpt
                0x0000000000808de8                OSQQuery
                0x0000000000808f44                OS_QInit
 .text          0x0000000000808fec      0xa60 ../bigsnake_bsp/\libucosii_bsp.a(os_sem.o)
                0x0000000000808fec                OSSemAccept
                0x000000000080909c                OSSemCreate
                0x0000000000809174                OSSemDel
                0x00000000008093b4                OSSemPend
                0x00000000008095c0                OSSemPendAbort
                0x000000000080972c                OSSemPost
                0x000000000080983c                OSSemQuery
                0x000000000080994c                OSSemSet
 .text          0x0000000000809a4c     0x176c ../bigsnake_bsp/\libucosii_bsp.a(os_task.o)
                0x0000000000809a4c                OSTaskChangePrio
                0x0000000000809f3c                OSTaskCreate
                0x000000000080a0e8                OSTaskCreateExt
                0x000000000080a2cc                OSTaskDel
                0x000000000080a610                OSTaskDelReq
                0x000000000080a760                OSTaskNameGet
                0x000000000080a8f8                OSTaskNameSet
                0x000000000080aaac                OSTaskResume
                0x000000000080ac80                OSTaskStkChk
                0x000000000080ae40                OSTaskSuspend
                0x000000000080b024                OSTaskQuery
                0x000000000080b148                OS_TaskStkClr
 .text          0x000000000080b1b8      0x510 ../bigsnake_bsp/\libucosii_bsp.a(os_time.o)
                0x000000000080b1b8                OSTimeDly
                0x000000000080b2bc                OSTimeDlyHMSM
                0x000000000080b438                OSTimeDlyResume
                0x000000000080b60c                OSTimeGet
                0x000000000080b668                OSTimeSet
 .text          0x000000000080b6c8       0xdc ../bigsnake_bsp/\libucosii_bsp.a(alt_sys_init.o)
                0x000000000080b6fc                alt_irq_init
                0x000000000080b734                alt_sys_init
 .text          0x000000000080b7a4      0x164 ../bigsnake_bsp/\libucosii_bsp.a(altera_avalon_jtag_uart_fd.o)
                0x000000000080b7a4                altera_avalon_jtag_uart_read_fd
                0x000000000080b804                altera_avalon_jtag_uart_write_fd
                0x000000000080b864                altera_avalon_jtag_uart_close_fd
                0x000000000080b8b4                altera_avalon_jtag_uart_ioctl_fd
 .text          0x000000000080b908      0x550 ../bigsnake_bsp/\libucosii_bsp.a(altera_avalon_jtag_uart_init.o)
                0x000000000080b908                altera_avalon_jtag_uart_init
                0x000000000080bdf0                altera_avalon_jtag_uart_close
 .text          0x000000000080be58       0xf0 ../bigsnake_bsp/\libucosii_bsp.a(altera_avalon_jtag_uart_ioctl.o)
                0x000000000080be58                altera_avalon_jtag_uart_ioctl
 .text          0x000000000080bf48      0x2bc ../bigsnake_bsp/\libucosii_bsp.a(altera_avalon_jtag_uart_read.o)
                0x000000000080bf48                altera_avalon_jtag_uart_read
 .text          0x000000000080c204      0x2c4 ../bigsnake_bsp/\libucosii_bsp.a(altera_avalon_jtag_uart_write.o)
                0x000000000080c204                altera_avalon_jtag_uart_write
 .text          0x000000000080c4c8       0xf0 ../bigsnake_bsp/\libucosii_bsp.a(altera_avalon_timer_sc.o)
                0x000000000080c544                alt_avalon_timer_sc_init
 .text          0x000000000080c5b8      0x12c ../bigsnake_bsp/\libucosii_bsp.a(alt_alarm_start.o)
                0x000000000080c5b8                alt_alarm_start
 .text          0x000000000080c6e4       0x20 ../bigsnake_bsp/\libucosii_bsp.a(alt_dcache_flush_all.o)
                0x000000000080c6e4                alt_dcache_flush_all
 .text          0x000000000080c704       0xe0 ../bigsnake_bsp/\libucosii_bsp.a(alt_dev_llist_insert.o)
                0x000000000080c740                alt_dev_llist_insert
 .text          0x000000000080c7e4       0x60 ../bigsnake_bsp/\libucosii_bsp.a(alt_do_ctors.o)
                0x000000000080c7e4                _do_ctors
 .text          0x000000000080c844       0x60 ../bigsnake_bsp/\libucosii_bsp.a(alt_do_dtors.o)
                0x000000000080c844                _do_dtors
 .text          0x000000000080c8a4       0x20 ../bigsnake_bsp/\libucosii_bsp.a(alt_icache_flush_all.o)
                0x000000000080c8a4                alt_icache_flush_all
 .text          0x000000000080c8c4      0x160 ../bigsnake_bsp/\libucosii_bsp.a(alt_io_redirect.o)
                0x000000000080c9a8                alt_io_redirect
 .text          0x000000000080ca24      0x180 ../bigsnake_bsp/\libucosii_bsp.a(alt_irq_register.o)
                0x000000000080ca24                alt_irq_register
 .text          0x000000000080cba4        0x0 ../bigsnake_bsp/\libucosii_bsp.a(alt_irq_vars.o)
 .text          0x000000000080cba4      0x284 ../bigsnake_bsp/\libucosii_bsp.a(alt_open.o)
                0x000000000080cccc                open
 .text          0x000000000080ce28      0x1a4 ../bigsnake_bsp/\libucosii_bsp.a(alt_tick.o)
                0x000000000080ce28                alt_alarm_stop
                0x000000000080cec4                alt_tick
 .text          0x000000000080cfcc       0x24 ../bigsnake_bsp/\libucosii_bsp.a(altera_nios2_gen2_irq.o)
                0x000000000080cfcc                altera_nios2_gen2_irq_init
 .text          0x000000000080cff0       0xd0 ../bigsnake_bsp/\libucosii_bsp.a(os_cpu_a.o)
                0x000000000080cff0                OSCtxSw
                0x000000000080cff0                OSIntCtxSw
                0x000000000080d07c                OSStartHighRdy
                0x000000000080d09c                OSStartTsk
 .text          0x000000000080d0c0      0x288 ../bigsnake_bsp/\libucosii_bsp.a(os_cpu_c.o)
                0x000000000080d0c0                OSTaskStkInit
                0x000000000080d21c                OSTaskCreateHook
                0x000000000080d240                OSTaskDelHook
                0x000000000080d264                OSTaskSwHook
                0x000000000080d284                OSTaskStatHook
                0x000000000080d2a4                OSTimeTickHook
                0x000000000080d2c4                OSInitHookBegin
                0x000000000080d2e4                OSInitHookEnd
                0x000000000080d304                OSTaskIdleHook
                0x000000000080d324                OSTCBInitHook
 .text          0x000000000080d348       0x90 ../bigsnake_bsp/\libucosii_bsp.a(alt_find_dev.o)
                0x000000000080d348                alt_find_dev
 .text          0x000000000080d3d8      0x108 ../bigsnake_bsp/\libucosii_bsp.a(alt_find_file.o)
                0x000000000080d3d8                alt_find_file
 .text          0x000000000080d4e0       0xf4 ../bigsnake_bsp/\libucosii_bsp.a(alt_get_fd.o)
                0x000000000080d4e0                alt_get_fd
 .text          0x000000000080d5d4        0x0 ../bigsnake_bsp/\libucosii_bsp.a(alt_irq_entry.o)
 .text          0x000000000080d5d4        0x0 ../bigsnake_bsp/\libucosii_bsp.a(alt_irq_handler.o)
 .text          0x000000000080d5d4        0x0 ../bigsnake_bsp/\libucosii_bsp.a(alt_exception_entry.o)
 .text          0x000000000080d5d4       0x9c ../bigsnake_bsp/\libucosii_bsp.a(alt_instruction_exception_entry.o)
                0x000000000080d5d4                alt_exception_cause_generated_bad_addr
 .text          0x000000000080d670        0x0 c:/intelfpga_lite/18.1/nios2eds/bin/gnu/h-x86_64-mingw32/bin/../lib/gcc/nios2-elf/5.3.0/../../../../../H-x86_64-mingw32/nios2-elf/lib/mno-hw-mul\libc.a(lib_a-atexit.o)
 .text.atexit   0x000000000080d670       0x14 c:/intelfpga_lite/18.1/nios2eds/bin/gnu/h-x86_64-mingw32/bin/../lib/gcc/nios2-elf/5.3.0/../../../../../H-x86_64-mingw32/nios2-elf/lib/mno-hw-mul\libc.a(lib_a-atexit.o)
                0x000000000080d670                atexit
 .text          0x000000000080d684        0x0 c:/intelfpga_lite/18.1/nios2eds/bin/gnu/h-x86_64-mingw32/bin/../lib/gcc/nios2-elf/5.3.0/../../../../../H-x86_64-mingw32/nios2-elf/lib/mno-hw-mul\libc.a(lib_a-exit.o)
 .text.exit     0x000000000080d684       0x38 c:/intelfpga_lite/18.1/nios2eds/bin/gnu/h-x86_64-mingw32/bin/../lib/gcc/nios2-elf/5.3.0/../../../../../H-x86_64-mingw32/nios2-elf/lib/mno-hw-mul\libc.a(lib_a-exit.o)
                0x000000000080d684                exit
 .text          0x000000000080d6bc        0x0 c:/intelfpga_lite/18.1/nios2eds/bin/gnu/h-x86_64-mingw32/bin/../lib/gcc/nios2-elf/5.3.0/../../../../../H-x86_64-mingw32/nios2-elf/lib/mno-hw-mul\libc.a(lib_a-memcmp.o)
 .text.memcmp   0x000000000080d6bc       0x7c c:/intelfpga_lite/18.1/nios2eds/bin/gnu/h-x86_64-mingw32/bin/../lib/gcc/nios2-elf/5.3.0/../../../../../H-x86_64-mingw32/nios2-elf/lib/mno-hw-mul\libc.a(lib_a-memcmp.o)
                0x000000000080d6bc                memcmp
 .text          0x000000000080d738        0x0 c:/intelfpga_lite/18.1/nios2eds/bin/gnu/h-x86_64-mingw32/bin/../lib/gcc/nios2-elf/5.3.0/../../../../../H-x86_64-mingw32/nios2-elf/lib/mno-hw-mul\libc.a(lib_a-__atexit.o)
 .text.__register_exitproc
                0x000000000080d738      0x118 c:/intelfpga_lite/18.1/nios2eds/bin/gnu/h-x86_64-mingw32/bin/../lib/gcc/nios2-elf/5.3.0/../../../../../H-x86_64-mingw32/nios2-elf/lib/mno-hw-mul\libc.a(lib_a-__atexit.o)
                0x000000000080d738                __register_exitproc
 .text          0x000000000080d850        0x0 c:/intelfpga_lite/18.1/nios2eds/bin/gnu/h-x86_64-mingw32/bin/../lib/gcc/nios2-elf/5.3.0/../../../../../H-x86_64-mingw32/nios2-elf/lib/mno-hw-mul\libc.a(lib_a-__call_atexit.o)
 .text.__call_exitprocs
                0x000000000080d850      0x180 c:/intelfpga_lite/18.1/nios2eds/bin/gnu/h-x86_64-mingw32/bin/../lib/gcc/nios2-elf/5.3.0/../../../../../H-x86_64-mingw32/nios2-elf/lib/mno-hw-mul\libc.a(lib_a-__call_atexit.o)
                0x000000000080d850                __call_exitprocs
 .text          0x000000000080d9d0       0x34 ../bigsnake_bsp/\libucosii_bsp.a(alt_exit.o)
                0x000000000080d9d0                _exit
 *(.gnu.warning.*)
 *(.fini)
                [!provide]                        PROVIDE (__etext, ABSOLUTE (.))
                [!provide]                        PROVIDE (_etext, ABSOLUTE (.))
                [!provide]                        PROVIDE (etext, ABSOLUTE (.))
 *(.eh_frame_hdr)
                0x000000000080da04                . = ALIGN (0x4)
                [!provide]                        PROVIDE (__preinit_array_start, ABSOLUTE (.))
 *(.preinit_array)
                [!provide]                        PROVIDE (__preinit_array_end, ABSOLUTE (.))
                [!provide]                        PROVIDE (__init_array_start, ABSOLUTE (.))
 *(.init_array)
                [!provide]                        PROVIDE (__init_array_end, ABSOLUTE (.))
                [!provide]                        PROVIDE (__fini_array_start, ABSOLUTE (.))
 *(.fini_array)
                [!provide]                        PROVIDE (__fini_array_end, ABSOLUTE (.))
 *(.eh_frame)
 *(.gcc_except_table .gcc_except_table.*)
 *(.dynamic)
                0x000000000080da04                PROVIDE (__CTOR_LIST__, ABSOLUTE (.))
 *(.ctors)
 *(SORT(.ctors.*))
                0x000000000080da04                PROVIDE (__CTOR_END__, ABSOLUTE (.))
                0x000000000080da04                PROVIDE (__DTOR_LIST__, ABSOLUTE (.))
 *(.dtors)
 *(SORT(.dtors.*))
                0x000000000080da04                PROVIDE (__DTOR_END__, ABSOLUTE (.))
 *(.jcr)
                0x000000000080da04                . = ALIGN (0x4)

.rodata         0x000000000080da04      0x47c
                0x000000000080da04                PROVIDE (__ram_rodata_start, ABSOLUTE (.))
                0x000000000080da04                . = ALIGN (0x4)
 *(.rodata .rodata.* .gnu.linkonce.r.*)
 .rodata        0x000000000080da04      0x30b obj/default/hello_ucosii.o
 *fill*         0x000000000080dd0f        0x1 
 .rodata.str1.4
                0x000000000080dd10        0x2 c:/intelfpga_lite/18.1/nios2eds/bin/gnu/h-x86_64-mingw32/bin/../lib/gcc/nios2-elf/5.3.0/../../../../../H-x86_64-mingw32/nios2-elf/lib/mno-hw-mul\libc.a(lib_a-puts.o)
 *fill*         0x000000000080dd12        0x2 
 .rodata.str1.4
                0x000000000080dd14        0x4 c:/intelfpga_lite/18.1/nios2eds/bin/gnu/h-x86_64-mingw32/bin/../lib/gcc/nios2-elf/5.3.0/../../../../../H-x86_64-mingw32/nios2-elf/lib/mno-hw-mul\libc.a(lib_a-impure.o)
                                          0x2 (size before relaxing)
 .rodata        0x000000000080dd18        0xa ../bigsnake_bsp/\libucosii_bsp.a(alt_dev.o)
 *fill*         0x000000000080dd22        0x2 
 .rodata        0x000000000080dd24        0xf ../bigsnake_bsp/\libucosii_bsp.a(alt_main.o)
 *fill*         0x000000000080dd33        0x1 
 .rodata        0x000000000080dd34      0x11e ../bigsnake_bsp/\libucosii_bsp.a(os_core.o)
                0x000000000080dd34                OSUnMapTbl
 *fill*         0x000000000080de52        0x2 
 .rodata        0x000000000080de54       0x27 ../bigsnake_bsp/\libucosii_bsp.a(alt_sys_init.o)
 *fill*         0x000000000080de7b        0x1 
 .rodata        0x000000000080de7c        0x2 ../bigsnake_bsp/\libucosii_bsp.a(os_cpu_c.o)
 *(.rodata1)
                0x000000000080de80                . = ALIGN (0x4)
 *fill*         0x000000000080de7e        0x2 
                0x000000000080de80                PROVIDE (__ram_rodata_end, ABSOLUTE (.))
                0x000000000080da04                PROVIDE (__flash_rodata_start, LOADADDR (.rodata))

.rwdata         0x000000000080de80     0x1b20 load address 0x000000000080f9a0
                0x000000000080de80                PROVIDE (__ram_rwdata_start, ABSOLUTE (.))
                0x000000000080de80                . = ALIGN (0x4)
 *(.got.plt)
 *(.got)
 *(.data1)
 *(.data .data.* .gnu.linkonce.d.*)
 .data          0x000000000080de80        0x0 ../bigsnake_bsp//obj/HAL/src/crt0.o
 .data          0x000000000080de80        0x0 obj/default/hello_ucosii.o
 .data          0x000000000080de80        0x0 c:/intelfpga_lite/18.1/nios2eds/bin/gnu/h-x86_64-mingw32/bin/../lib/gcc/nios2-elf/5.3.0/../../../../../H-x86_64-mingw32/nios2-elf/lib/mno-hw-mul\libc.a(lib_a-puts.o)
 .data          0x000000000080de80        0x0 c:/intelfpga_lite/18.1/nios2eds/bin/gnu/h-x86_64-mingw32/bin/../lib/gcc/nios2-elf/5.3.0/../../../../../H-x86_64-mingw32/nios2-elf/lib/mno-hw-mul\libc.a(lib_a-strlen.o)
 .data          0x000000000080de80        0x0 c:/intelfpga_lite/18.1/nios2eds/bin/gnu/h-x86_64-mingw32/bin/../lib/gcc/nios2-elf/5.3.0/../../../../../H-x86_64-mingw32/nios2-elf/lib/mno-hw-mul\libc.a(lib_a-findfp.o)
 .data          0x000000000080de80        0x0 c:/intelfpga_lite/18.1/nios2eds/bin/gnu/h-x86_64-mingw32/bin/../lib/gcc/nios2-elf/5.3.0/../../../../../H-x86_64-mingw32/nios2-elf/lib/mno-hw-mul\libc.a(lib_a-fvwrite.o)
 .data          0x000000000080de80        0x0 c:/intelfpga_lite/18.1/nios2eds/bin/gnu/h-x86_64-mingw32/bin/../lib/gcc/nios2-elf/5.3.0/../../../../../H-x86_64-mingw32/nios2-elf/lib/mno-hw-mul\libc.a(lib_a-fwalk.o)
 .data          0x000000000080de80        0x0 c:/intelfpga_lite/18.1/nios2eds/bin/gnu/h-x86_64-mingw32/bin/../lib/gcc/nios2-elf/5.3.0/../../../../../H-x86_64-mingw32/nios2-elf/lib/mno-hw-mul\libc.a(lib_a-impure.o)
 .data.impure_data
                0x000000000080de80      0x424 c:/intelfpga_lite/18.1/nios2eds/bin/gnu/h-x86_64-mingw32/bin/../lib/gcc/nios2-elf/5.3.0/../../../../../H-x86_64-mingw32/nios2-elf/lib/mno-hw-mul\libc.a(lib_a-impure.o)
 .data          0x000000000080e2a4        0x0 c:/intelfpga_lite/18.1/nios2eds/bin/gnu/h-x86_64-mingw32/bin/../lib/gcc/nios2-elf/5.3.0/../../../../../H-x86_64-mingw32/nios2-elf/lib/mno-hw-mul\libc.a(lib_a-mallocr.o)
 .data.__malloc_av_
                0x000000000080e2a4      0x408 c:/intelfpga_lite/18.1/nios2eds/bin/gnu/h-x86_64-mingw32/bin/../lib/gcc/nios2-elf/5.3.0/../../../../../H-x86_64-mingw32/nios2-elf/lib/mno-hw-mul\libc.a(lib_a-mallocr.o)
                0x000000000080e2a4                __malloc_av_
 .data          0x000000000080e6ac        0x0 c:/intelfpga_lite/18.1/nios2eds/bin/gnu/h-x86_64-mingw32/bin/../lib/gcc/nios2-elf/5.3.0/../../../../../H-x86_64-mingw32/nios2-elf/lib/mno-hw-mul\libc.a(lib_a-memchr.o)
 .data          0x000000000080e6ac        0x0 c:/intelfpga_lite/18.1/nios2eds/bin/gnu/h-x86_64-mingw32/bin/../lib/gcc/nios2-elf/5.3.0/../../../../../H-x86_64-mingw32/nios2-elf/lib/mno-hw-mul\libc.a(lib_a-memcpy.o)
 .data          0x000000000080e6ac        0x0 c:/intelfpga_lite/18.1/nios2eds/bin/gnu/h-x86_64-mingw32/bin/../lib/gcc/nios2-elf/5.3.0/../../../../../H-x86_64-mingw32/nios2-elf/lib/mno-hw-mul\libc.a(lib_a-memmove.o)
 .data          0x000000000080e6ac        0x0 c:/intelfpga_lite/18.1/nios2eds/bin/gnu/h-x86_64-mingw32/bin/../lib/gcc/nios2-elf/5.3.0/../../../../../H-x86_64-mingw32/nios2-elf/lib/mno-hw-mul\libc.a(lib_a-memset.o)
 .data          0x000000000080e6ac        0x0 c:/intelfpga_lite/18.1/nios2eds/bin/gnu/h-x86_64-mingw32/bin/../lib/gcc/nios2-elf/5.3.0/../../../../../H-x86_64-mingw32/nios2-elf/lib/mno-hw-mul\libc.a(lib_a-reallocr.o)
 .data          0x000000000080e6ac        0x0 c:/intelfpga_lite/18.1/nios2eds/bin/gnu/h-x86_64-mingw32/bin/../lib/gcc/nios2-elf/5.3.0/../../../../../H-x86_64-mingw32/nios2-elf/lib/mno-hw-mul\libc.a(lib_a-sbrkr.o)
 .data          0x000000000080e6ac        0x0 c:/intelfpga_lite/18.1/nios2eds/bin/gnu/h-x86_64-mingw32/bin/../lib/gcc/nios2-elf/5.3.0/../../../../../H-x86_64-mingw32/nios2-elf/lib/mno-hw-mul\libc.a(lib_a-stdio.o)
 .data          0x000000000080e6ac        0x0 c:/intelfpga_lite/18.1/nios2eds/bin/gnu/h-x86_64-mingw32/bin/../lib/gcc/nios2-elf/5.3.0/../../../../../H-x86_64-mingw32/nios2-elf/lib/mno-hw-mul\libc.a(lib_a-writer.o)
 .data          0x000000000080e6ac        0x0 c:/intelfpga_lite/18.1/nios2eds/bin/gnu/h-x86_64-mingw32/bin/../lib/gcc/nios2-elf/5.3.0/../../../../../H-x86_64-mingw32/nios2-elf/lib/mno-hw-mul\libc.a(lib_a-wsetup.o)
 .data          0x000000000080e6ac        0x0 c:/intelfpga_lite/18.1/nios2eds/bin/gnu/h-x86_64-mingw32/bin/../lib/gcc/nios2-elf/5.3.0/../../../../../H-x86_64-mingw32/nios2-elf/lib/mno-hw-mul\libc.a(closer.o)
 .data          0x000000000080e6ac        0x0 c:/intelfpga_lite/18.1/nios2eds/bin/gnu/h-x86_64-mingw32/bin/../lib/gcc/nios2-elf/5.3.0/../../../../../H-x86_64-mingw32/nios2-elf/lib/mno-hw-mul\libc.a(lib_a-fclose.o)
 .data          0x000000000080e6ac        0x0 c:/intelfpga_lite/18.1/nios2eds/bin/gnu/h-x86_64-mingw32/bin/../lib/gcc/nios2-elf/5.3.0/../../../../../H-x86_64-mingw32/nios2-elf/lib/mno-hw-mul\libc.a(lib_a-fflush.o)
 .data          0x000000000080e6ac        0x0 c:/intelfpga_lite/18.1/nios2eds/bin/gnu/h-x86_64-mingw32/bin/../lib/gcc/nios2-elf/5.3.0/../../../../../H-x86_64-mingw32/nios2-elf/lib/mno-hw-mul\libc.a(lib_a-freer.o)
 .data          0x000000000080e6ac        0x0 c:/intelfpga_lite/18.1/nios2eds/bin/gnu/h-x86_64-mingw32/bin/../lib/gcc/nios2-elf/5.3.0/../../../../../H-x86_64-mingw32/nios2-elf/lib/mno-hw-mul\libc.a(lib_a-int_errno.o)
 .data          0x000000000080e6ac        0x0 c:/intelfpga_lite/18.1/nios2eds/bin/gnu/h-x86_64-mingw32/bin/../lib/gcc/nios2-elf/5.3.0/../../../../../H-x86_64-mingw32/nios2-elf/lib/mno-hw-mul\libc.a(lib_a-lseekr.o)
 .data          0x000000000080e6ac        0x0 c:/intelfpga_lite/18.1/nios2eds/bin/gnu/h-x86_64-mingw32/bin/../lib/gcc/nios2-elf/5.3.0/../../../../../H-x86_64-mingw32/nios2-elf/lib/mno-hw-mul\libc.a(lib_a-makebuf.o)
 .data          0x000000000080e6ac        0x0 c:/intelfpga_lite/18.1/nios2eds/bin/gnu/h-x86_64-mingw32/bin/../lib/gcc/nios2-elf/5.3.0/../../../../../H-x86_64-mingw32/nios2-elf/lib/mno-hw-mul\libc.a(lib_a-readr.o)
 .data          0x000000000080e6ac        0x0 c:/intelfpga_lite/18.1/nios2eds/bin/gnu/h-x86_64-mingw32/bin/../lib/gcc/nios2-elf/5.3.0/../../../../../H-x86_64-mingw32/nios2-elf/lib/mno-hw-mul\libc.a(lib_a-fstatr.o)
 .data          0x000000000080e6ac        0x0 c:/intelfpga_lite/18.1/nios2eds/bin/gnu/h-x86_64-mingw32/bin/../lib/gcc/nios2-elf/5.3.0/../../../../../H-x86_64-mingw32/nios2-elf/lib/mno-hw-mul\libc.a(lib_a-isattyr.o)
 .data          0x000000000080e6ac        0x0 c:/intelfpga_lite/18.1/nios2eds/bin/gnu/h-x86_64-mingw32/bin/../lib/gcc/nios2-elf/5.3.0/mno-hw-mul\libgcc.a(lib2-divmod.o)
 .data          0x000000000080e6ac        0x0 c:/intelfpga_lite/18.1/nios2eds/bin/gnu/h-x86_64-mingw32/bin/../lib/gcc/nios2-elf/5.3.0/mno-hw-mul\libgcc.a(lib2-mul.o)
 .data          0x000000000080e6ac        0x0 ../bigsnake_bsp/\libucosii_bsp.a(alt_close.o)
 .data          0x000000000080e6ac      0x1a8 ../bigsnake_bsp/\libucosii_bsp.a(alt_dev.o)
                0x000000000080e6ac                alt_dev_null
                0x000000000080e6d4                alt_fd_list
 .data          0x000000000080e854        0x0 ../bigsnake_bsp/\libucosii_bsp.a(alt_errno.o)
 .data          0x000000000080e854        0x0 ../bigsnake_bsp/\libucosii_bsp.a(alt_fstat.o)
 .data          0x000000000080e854        0x0 ../bigsnake_bsp/\libucosii_bsp.a(alt_isatty.o)
 .data          0x000000000080e854        0x0 ../bigsnake_bsp/\libucosii_bsp.a(alt_load.o)
 .data          0x000000000080e854        0x0 ../bigsnake_bsp/\libucosii_bsp.a(alt_lseek.o)
 .data          0x000000000080e854        0x0 ../bigsnake_bsp/\libucosii_bsp.a(alt_main.o)
 .data          0x000000000080e854        0x0 ../bigsnake_bsp/\libucosii_bsp.a(alt_read.o)
 .data          0x000000000080e854        0x0 ../bigsnake_bsp/\libucosii_bsp.a(alt_release_fd.o)
 .data          0x000000000080e854        0x0 ../bigsnake_bsp/\libucosii_bsp.a(alt_sbrk.o)
 .data          0x000000000080e854        0x0 ../bigsnake_bsp/\libucosii_bsp.a(alt_write.o)
 .data          0x000000000080e854        0x0 ../bigsnake_bsp/\libucosii_bsp.a(alt_env_lock.o)
 .data          0x000000000080e854        0x0 ../bigsnake_bsp/\libucosii_bsp.a(alt_malloc_lock.o)
 .data          0x000000000080e854        0x0 ../bigsnake_bsp/\libucosii_bsp.a(os_core.o)
 .data          0x000000000080e854        0x0 ../bigsnake_bsp/\libucosii_bsp.a(os_dbg.o)
 .data          0x000000000080e854        0x0 ../bigsnake_bsp/\libucosii_bsp.a(os_flag.o)
 .data          0x000000000080e854        0x0 ../bigsnake_bsp/\libucosii_bsp.a(os_mem.o)
 .data          0x000000000080e854        0x0 ../bigsnake_bsp/\libucosii_bsp.a(os_q.o)
 .data          0x000000000080e854        0x0 ../bigsnake_bsp/\libucosii_bsp.a(os_sem.o)
 .data          0x000000000080e854        0x0 ../bigsnake_bsp/\libucosii_bsp.a(os_task.o)
 .data          0x000000000080e854        0x0 ../bigsnake_bsp/\libucosii_bsp.a(os_time.o)
 .data          0x000000000080e854     0x1098 ../bigsnake_bsp/\libucosii_bsp.a(alt_sys_init.o)
 .data          0x000000000080f8ec        0x0 ../bigsnake_bsp/\libucosii_bsp.a(altera_avalon_jtag_uart_fd.o)
 .data          0x000000000080f8ec        0x0 ../bigsnake_bsp/\libucosii_bsp.a(altera_avalon_jtag_uart_init.o)
 .data          0x000000000080f8ec        0x0 ../bigsnake_bsp/\libucosii_bsp.a(altera_avalon_jtag_uart_ioctl.o)
 .data          0x000000000080f8ec        0x0 ../bigsnake_bsp/\libucosii_bsp.a(altera_avalon_jtag_uart_read.o)
 .data          0x000000000080f8ec        0x0 ../bigsnake_bsp/\libucosii_bsp.a(altera_avalon_jtag_uart_write.o)
 .data          0x000000000080f8ec        0x0 ../bigsnake_bsp/\libucosii_bsp.a(altera_avalon_timer_sc.o)
 .data          0x000000000080f8ec        0x0 ../bigsnake_bsp/\libucosii_bsp.a(alt_alarm_start.o)
 .data          0x000000000080f8ec        0x0 ../bigsnake_bsp/\libucosii_bsp.a(alt_dcache_flush_all.o)
 .data          0x000000000080f8ec        0x0 ../bigsnake_bsp/\libucosii_bsp.a(alt_dev_llist_insert.o)
 .data          0x000000000080f8ec        0x0 ../bigsnake_bsp/\libucosii_bsp.a(alt_do_ctors.o)
 .data          0x000000000080f8ec        0x0 ../bigsnake_bsp/\libucosii_bsp.a(alt_do_dtors.o)
 .data          0x000000000080f8ec        0x0 ../bigsnake_bsp/\libucosii_bsp.a(alt_icache_flush_all.o)
 .data          0x000000000080f8ec        0x0 ../bigsnake_bsp/\libucosii_bsp.a(alt_io_redirect.o)
 .data          0x000000000080f8ec        0x0 ../bigsnake_bsp/\libucosii_bsp.a(alt_irq_register.o)
 .data          0x000000000080f8ec        0x0 ../bigsnake_bsp/\libucosii_bsp.a(alt_irq_vars.o)
 .data          0x000000000080f8ec        0x0 ../bigsnake_bsp/\libucosii_bsp.a(alt_open.o)
 .data          0x000000000080f8ec        0x0 ../bigsnake_bsp/\libucosii_bsp.a(alt_tick.o)
 .data          0x000000000080f8ec        0x0 ../bigsnake_bsp/\libucosii_bsp.a(altera_nios2_gen2_irq.o)
 .data          0x000000000080f8ec        0x0 ../bigsnake_bsp/\libucosii_bsp.a(os_cpu_a.o)
 .data          0x000000000080f8ec        0x0 ../bigsnake_bsp/\libucosii_bsp.a(os_cpu_c.o)
 .data          0x000000000080f8ec        0x0 ../bigsnake_bsp/\libucosii_bsp.a(alt_find_dev.o)
 .data          0x000000000080f8ec        0x0 ../bigsnake_bsp/\libucosii_bsp.a(alt_find_file.o)
 .data          0x000000000080f8ec        0x0 ../bigsnake_bsp/\libucosii_bsp.a(alt_get_fd.o)
 .data          0x000000000080f8ec        0x0 ../bigsnake_bsp/\libucosii_bsp.a(alt_irq_entry.o)
 .data          0x000000000080f8ec        0x0 ../bigsnake_bsp/\libucosii_bsp.a(alt_irq_handler.o)
 .data          0x000000000080f8ec        0x0 ../bigsnake_bsp/\libucosii_bsp.a(alt_exception_entry.o)
 .data          0x000000000080f8ec        0x0 ../bigsnake_bsp/\libucosii_bsp.a(alt_instruction_exception_entry.o)
 .data          0x000000000080f8ec        0x0 c:/intelfpga_lite/18.1/nios2eds/bin/gnu/h-x86_64-mingw32/bin/../lib/gcc/nios2-elf/5.3.0/../../../../../H-x86_64-mingw32/nios2-elf/lib/mno-hw-mul\libc.a(lib_a-atexit.o)
 .data          0x000000000080f8ec        0x0 c:/intelfpga_lite/18.1/nios2eds/bin/gnu/h-x86_64-mingw32/bin/../lib/gcc/nios2-elf/5.3.0/../../../../../H-x86_64-mingw32/nios2-elf/lib/mno-hw-mul\libc.a(lib_a-exit.o)
 .data          0x000000000080f8ec        0x0 c:/intelfpga_lite/18.1/nios2eds/bin/gnu/h-x86_64-mingw32/bin/../lib/gcc/nios2-elf/5.3.0/../../../../../H-x86_64-mingw32/nios2-elf/lib/mno-hw-mul\libc.a(lib_a-memcmp.o)
 .data          0x000000000080f8ec        0x0 c:/intelfpga_lite/18.1/nios2eds/bin/gnu/h-x86_64-mingw32/bin/../lib/gcc/nios2-elf/5.3.0/../../../../../H-x86_64-mingw32/nios2-elf/lib/mno-hw-mul\libc.a(lib_a-__atexit.o)
 .data          0x000000000080f8ec        0x0 c:/intelfpga_lite/18.1/nios2eds/bin/gnu/h-x86_64-mingw32/bin/../lib/gcc/nios2-elf/5.3.0/../../../../../H-x86_64-mingw32/nios2-elf/lib/mno-hw-mul\libc.a(lib_a-__call_atexit.o)
 .data          0x000000000080f8ec        0x0 ../bigsnake_bsp/\libucosii_bsp.a(alt_exit.o)
                0x00000000008178ec                _gp = ABSOLUTE ((. + 0x8000))
                [!provide]                        PROVIDE (gp, _gp)
 *(.rwdata .rwdata.*)
 *(.sdata .sdata.* .gnu.linkonce.s.*)
 .sdata._global_impure_ptr
                0x000000000080f8ec        0x4 c:/intelfpga_lite/18.1/nios2eds/bin/gnu/h-x86_64-mingw32/bin/../lib/gcc/nios2-elf/5.3.0/../../../../../H-x86_64-mingw32/nios2-elf/lib/mno-hw-mul\libc.a(lib_a-impure.o)
                0x000000000080f8ec                _global_impure_ptr
 .sdata._impure_ptr
                0x000000000080f8f0        0x4 c:/intelfpga_lite/18.1/nios2eds/bin/gnu/h-x86_64-mingw32/bin/../lib/gcc/nios2-elf/5.3.0/../../../../../H-x86_64-mingw32/nios2-elf/lib/mno-hw-mul\libc.a(lib_a-impure.o)
                0x000000000080f8f0                _impure_ptr
 .sdata.__malloc_sbrk_base
                0x000000000080f8f4        0x4 c:/intelfpga_lite/18.1/nios2eds/bin/gnu/h-x86_64-mingw32/bin/../lib/gcc/nios2-elf/5.3.0/../../../../../H-x86_64-mingw32/nios2-elf/lib/mno-hw-mul\libc.a(lib_a-mallocr.o)
                0x000000000080f8f4                __malloc_sbrk_base
 .sdata.__malloc_trim_threshold
                0x000000000080f8f8        0x4 c:/intelfpga_lite/18.1/nios2eds/bin/gnu/h-x86_64-mingw32/bin/../lib/gcc/nios2-elf/5.3.0/../../../../../H-x86_64-mingw32/nios2-elf/lib/mno-hw-mul\libc.a(lib_a-mallocr.o)
                0x000000000080f8f8                __malloc_trim_threshold
 .sdata         0x000000000080f8fc       0x14 ../bigsnake_bsp/\libucosii_bsp.a(alt_dev.o)
                0x000000000080f8fc                alt_fs_list
                0x000000000080f904                alt_dev_list
                0x000000000080f90c                alt_max_fd
 .sdata         0x000000000080f910        0x4 ../bigsnake_bsp/\libucosii_bsp.a(alt_errno.o)
                0x000000000080f910                alt_errno
 .sdata         0x000000000080f914        0x4 ../bigsnake_bsp/\libucosii_bsp.a(alt_sbrk.o)
 .sdata         0x000000000080f918        0x4 ../bigsnake_bsp/\libucosii_bsp.a(alt_env_lock.o)
 .sdata         0x000000000080f91c        0x4 ../bigsnake_bsp/\libucosii_bsp.a(alt_malloc_lock.o)
 .sdata         0x000000000080f920       0x72 ../bigsnake_bsp/\libucosii_bsp.a(os_dbg.o)
                0x000000000080f920                OSDebugEn
                0x000000000080f924                OSEndiannessTest
                0x000000000080f928                OSEventEn
                0x000000000080f92a                OSEventMax
                0x000000000080f92c                OSEventNameSize
                0x000000000080f92e                OSEventSize
                0x000000000080f930                OSEventTblSize
                0x000000000080f932                OSEventMultiEn
                0x000000000080f934                OSFlagEn
                0x000000000080f936                OSFlagGrpSize
                0x000000000080f938                OSFlagNodeSize
                0x000000000080f93a                OSFlagWidth
                0x000000000080f93c                OSFlagMax
                0x000000000080f93e                OSFlagNameSize
                0x000000000080f940                OSLowestPrio
                0x000000000080f942                OSMboxEn
                0x000000000080f944                OSMemEn
                0x000000000080f946                OSMemMax
                0x000000000080f948                OSMemNameSize
                0x000000000080f94a                OSMemSize
                0x000000000080f94c                OSMemTblSize
                0x000000000080f94e                OSMutexEn
                0x000000000080f950                OSPtrSize
                0x000000000080f952                OSQEn
                0x000000000080f954                OSQMax
                0x000000000080f956                OSQSize
                0x000000000080f958                OSRdyTblSize
                0x000000000080f95a                OSSemEn
                0x000000000080f95c                OSStkWidth
                0x000000000080f95e                OSTaskCreateEn
                0x000000000080f960                OSTaskCreateExtEn
                0x000000000080f962                OSTaskDelEn
                0x000000000080f964                OSTaskIdleStkSize
                0x000000000080f966                OSTaskProfileEn
                0x000000000080f968                OSTaskMax
                0x000000000080f96a                OSTaskNameSize
                0x000000000080f96c                OSTaskStatEn
                0x000000000080f96e                OSTaskStatStkSize
                0x000000000080f970                OSTaskStatStkChkEn
                0x000000000080f972                OSTaskSwHookEn
                0x000000000080f974                OSTCBPrioTblMax
                0x000000000080f976                OSTCBSize
                0x000000000080f978                OSTicksPerSec
                0x000000000080f97a                OSTimeTickHookEn
                0x000000000080f97c                OSVersionNbr
                0x000000000080f97e                OSTmrEn
                0x000000000080f980                OSTmrCfgMax
                0x000000000080f982                OSTmrCfgNameSize
                0x000000000080f984                OSTmrCfgWheelSize
                0x000000000080f986                OSTmrCfgTicksPerSec
                0x000000000080f988                OSTmrSize
                0x000000000080f98a                OSTmrTblSize
                0x000000000080f98c                OSTmrWheelSize
                0x000000000080f98e                OSTmrWheelTblSize
                0x000000000080f990                OSDataSize
 *fill*         0x000000000080f992        0x2 
 .sdata         0x000000000080f994        0x4 ../bigsnake_bsp/\libucosii_bsp.a(alt_irq_vars.o)
                0x000000000080f994                alt_priority_mask
 .sdata         0x000000000080f998        0x8 ../bigsnake_bsp/\libucosii_bsp.a(alt_tick.o)
                0x000000000080f998                alt_alarm_list
 *(.sdata2 .sdata2.* .gnu.linkonce.s2.*)
                0x000000000080f9a0                . = ALIGN (0x4)
                0x000000000080f9a0                _edata = ABSOLUTE (.)
                [!provide]                        PROVIDE (edata, ABSOLUTE (.))
                0x000000000080f9a0                PROVIDE (__ram_rwdata_end, ABSOLUTE (.))
                0x000000000080f9a0                PROVIDE (__flash_rwdata_start, LOADADDR (.rwdata))

.bss            0x00000000008114c0     0x73dc
                0x00000000008114c0                __bss_start = ABSOLUTE (.)
                [!provide]                        PROVIDE (__sbss_start, ABSOLUTE (.))
                [!provide]                        PROVIDE (___sbss_start, ABSOLUTE (.))
 *(.dynsbss)
 *(.sbss .sbss.* .gnu.linkonce.sb.*)
 .sbss.__malloc_max_total_mem
                0x00000000008114c0        0x4 c:/intelfpga_lite/18.1/nios2eds/bin/gnu/h-x86_64-mingw32/bin/../lib/gcc/nios2-elf/5.3.0/../../../../../H-x86_64-mingw32/nios2-elf/lib/mno-hw-mul\libc.a(lib_a-mallocr.o)
                0x00000000008114c0                __malloc_max_total_mem
 .sbss.__malloc_max_sbrked_mem
                0x00000000008114c4        0x4 c:/intelfpga_lite/18.1/nios2eds/bin/gnu/h-x86_64-mingw32/bin/../lib/gcc/nios2-elf/5.3.0/../../../../../H-x86_64-mingw32/nios2-elf/lib/mno-hw-mul\libc.a(lib_a-mallocr.o)
                0x00000000008114c4                __malloc_max_sbrked_mem
 .sbss.__malloc_top_pad
                0x00000000008114c8        0x4 c:/intelfpga_lite/18.1/nios2eds/bin/gnu/h-x86_64-mingw32/bin/../lib/gcc/nios2-elf/5.3.0/../../../../../H-x86_64-mingw32/nios2-elf/lib/mno-hw-mul\libc.a(lib_a-mallocr.o)
                0x00000000008114c8                __malloc_top_pad
 .sbss          0x00000000008114cc        0x4 c:/intelfpga_lite/18.1/nios2eds/bin/gnu/h-x86_64-mingw32/bin/../lib/gcc/nios2-elf/5.3.0/../../../../../H-x86_64-mingw32/nios2-elf/lib/mno-hw-mul\libc.a(lib_a-int_errno.o)
                0x00000000008114cc                errno
 .sbss          0x00000000008114d0        0x4 ../bigsnake_bsp/\libucosii_bsp.a(alt_dev.o)
                0x00000000008114d0                alt_fd_list_lock
 .sbss          0x00000000008114d4        0xc ../bigsnake_bsp/\libucosii_bsp.a(alt_main.o)
                0x00000000008114d4                alt_argc
                0x00000000008114d8                alt_argv
                0x00000000008114dc                alt_envp
 .sbss          0x00000000008114e0        0x8 ../bigsnake_bsp/\libucosii_bsp.a(alt_env_lock.o)
                0x00000000008114e4                alt_envsem
 .sbss          0x00000000008114e8        0x8 ../bigsnake_bsp/\libucosii_bsp.a(alt_malloc_lock.o)
                0x00000000008114ec                alt_heapsem
 .sbss          0x00000000008114f0       0x50 ../bigsnake_bsp/\libucosii_bsp.a(os_core.o)
                0x00000000008114f0                OSLockNesting
                0x00000000008114f1                OSRunning
                0x00000000008114f4                OSIdleCtr
                0x00000000008114f8                OSPrioHighRdy
                0x00000000008114f9                OSPrioCur
                0x00000000008114fc                OSTCBList
                0x0000000000811500                OSTickStepState
                0x0000000000811504                OSCtxSwCtr
                0x0000000000811508                OSIdleCtrMax
                0x000000000081150c                OSTCBFreeList
                0x0000000000811510                OSCPUUsage
                0x0000000000811511                OSTaskCtr
                0x0000000000811514                OSMemFreeList
                0x0000000000811518                OSTCBHighRdy
                0x000000000081151c                OSQFreeList
                0x0000000000811520                OSRdyGrp
                0x0000000000811521                OSRdyTbl
                0x0000000000811524                OSEventFreeList
                0x0000000000811528                OSIntNesting
                0x000000000081152c                OSTCBCur
                0x0000000000811530                OSTime
                0x0000000000811534                OSFlagFreeList
                0x0000000000811538                OSStatRdy
                0x000000000081153c                OSIdleCtrRun
 .sbss          0x0000000000811540        0x4 ../bigsnake_bsp/\libucosii_bsp.a(alt_irq_vars.o)
                0x0000000000811540                alt_irq_active
 .sbss          0x0000000000811544        0x8 ../bigsnake_bsp/\libucosii_bsp.a(alt_tick.o)
                0x0000000000811544                _alt_tick_rate
                0x0000000000811548                _alt_nticks
 .sbss          0x000000000081154c        0x4 ../bigsnake_bsp/\libucosii_bsp.a(alt_instruction_exception_entry.o)
                0x000000000081154c                alt_instruction_exception_handler
 *(.sbss2 .sbss2.* .gnu.linkonce.sb2.*)
 *(.scommon)
                [!provide]                        PROVIDE (__sbss_end, ABSOLUTE (.))
                [!provide]                        PROVIDE (___sbss_end, ABSOLUTE (.))
 *(.dynbss)
 *(.bss .bss.* .gnu.linkonce.b.*)
 .bss           0x0000000000811550        0x0 ../bigsnake_bsp//obj/HAL/src/crt0.o
 .bss           0x0000000000811550        0x0 obj/default/hello_ucosii.o
 .bss           0x0000000000811550        0x0 c:/intelfpga_lite/18.1/nios2eds/bin/gnu/h-x86_64-mingw32/bin/../lib/gcc/nios2-elf/5.3.0/../../../../../H-x86_64-mingw32/nios2-elf/lib/mno-hw-mul\libc.a(lib_a-puts.o)
 .bss           0x0000000000811550        0x0 c:/intelfpga_lite/18.1/nios2eds/bin/gnu/h-x86_64-mingw32/bin/../lib/gcc/nios2-elf/5.3.0/../../../../../H-x86_64-mingw32/nios2-elf/lib/mno-hw-mul\libc.a(lib_a-strlen.o)
 .bss           0x0000000000811550        0x0 c:/intelfpga_lite/18.1/nios2eds/bin/gnu/h-x86_64-mingw32/bin/../lib/gcc/nios2-elf/5.3.0/../../../../../H-x86_64-mingw32/nios2-elf/lib/mno-hw-mul\libc.a(lib_a-findfp.o)
 .bss           0x0000000000811550        0x0 c:/intelfpga_lite/18.1/nios2eds/bin/gnu/h-x86_64-mingw32/bin/../lib/gcc/nios2-elf/5.3.0/../../../../../H-x86_64-mingw32/nios2-elf/lib/mno-hw-mul\libc.a(lib_a-fvwrite.o)
 .bss           0x0000000000811550        0x0 c:/intelfpga_lite/18.1/nios2eds/bin/gnu/h-x86_64-mingw32/bin/../lib/gcc/nios2-elf/5.3.0/../../../../../H-x86_64-mingw32/nios2-elf/lib/mno-hw-mul\libc.a(lib_a-fwalk.o)
 .bss           0x0000000000811550        0x0 c:/intelfpga_lite/18.1/nios2eds/bin/gnu/h-x86_64-mingw32/bin/../lib/gcc/nios2-elf/5.3.0/../../../../../H-x86_64-mingw32/nios2-elf/lib/mno-hw-mul\libc.a(lib_a-impure.o)
 .bss           0x0000000000811550        0x0 c:/intelfpga_lite/18.1/nios2eds/bin/gnu/h-x86_64-mingw32/bin/../lib/gcc/nios2-elf/5.3.0/../../../../../H-x86_64-mingw32/nios2-elf/lib/mno-hw-mul\libc.a(lib_a-mallocr.o)
 .bss.__malloc_current_mallinfo
                0x0000000000811550       0x28 c:/intelfpga_lite/18.1/nios2eds/bin/gnu/h-x86_64-mingw32/bin/../lib/gcc/nios2-elf/5.3.0/../../../../../H-x86_64-mingw32/nios2-elf/lib/mno-hw-mul\libc.a(lib_a-mallocr.o)
                0x0000000000811550                __malloc_current_mallinfo
 .bss           0x0000000000811578        0x0 c:/intelfpga_lite/18.1/nios2eds/bin/gnu/h-x86_64-mingw32/bin/../lib/gcc/nios2-elf/5.3.0/../../../../../H-x86_64-mingw32/nios2-elf/lib/mno-hw-mul\libc.a(lib_a-memchr.o)
 .bss           0x0000000000811578        0x0 c:/intelfpga_lite/18.1/nios2eds/bin/gnu/h-x86_64-mingw32/bin/../lib/gcc/nios2-elf/5.3.0/../../../../../H-x86_64-mingw32/nios2-elf/lib/mno-hw-mul\libc.a(lib_a-memcpy.o)
 .bss           0x0000000000811578        0x0 c:/intelfpga_lite/18.1/nios2eds/bin/gnu/h-x86_64-mingw32/bin/../lib/gcc/nios2-elf/5.3.0/../../../../../H-x86_64-mingw32/nios2-elf/lib/mno-hw-mul\libc.a(lib_a-memmove.o)
 .bss           0x0000000000811578        0x0 c:/intelfpga_lite/18.1/nios2eds/bin/gnu/h-x86_64-mingw32/bin/../lib/gcc/nios2-elf/5.3.0/../../../../../H-x86_64-mingw32/nios2-elf/lib/mno-hw-mul\libc.a(lib_a-memset.o)
 .bss           0x0000000000811578        0x0 c:/intelfpga_lite/18.1/nios2eds/bin/gnu/h-x86_64-mingw32/bin/../lib/gcc/nios2-elf/5.3.0/../../../../../H-x86_64-mingw32/nios2-elf/lib/mno-hw-mul\libc.a(lib_a-reallocr.o)
 .bss           0x0000000000811578        0x0 c:/intelfpga_lite/18.1/nios2eds/bin/gnu/h-x86_64-mingw32/bin/../lib/gcc/nios2-elf/5.3.0/../../../../../H-x86_64-mingw32/nios2-elf/lib/mno-hw-mul\libc.a(lib_a-sbrkr.o)
 .bss           0x0000000000811578        0x0 c:/intelfpga_lite/18.1/nios2eds/bin/gnu/h-x86_64-mingw32/bin/../lib/gcc/nios2-elf/5.3.0/../../../../../H-x86_64-mingw32/nios2-elf/lib/mno-hw-mul\libc.a(lib_a-stdio.o)
 .bss           0x0000000000811578        0x0 c:/intelfpga_lite/18.1/nios2eds/bin/gnu/h-x86_64-mingw32/bin/../lib/gcc/nios2-elf/5.3.0/../../../../../H-x86_64-mingw32/nios2-elf/lib/mno-hw-mul\libc.a(lib_a-writer.o)
 .bss           0x0000000000811578        0x0 c:/intelfpga_lite/18.1/nios2eds/bin/gnu/h-x86_64-mingw32/bin/../lib/gcc/nios2-elf/5.3.0/../../../../../H-x86_64-mingw32/nios2-elf/lib/mno-hw-mul\libc.a(lib_a-wsetup.o)
 .bss           0x0000000000811578        0x0 c:/intelfpga_lite/18.1/nios2eds/bin/gnu/h-x86_64-mingw32/bin/../lib/gcc/nios2-elf/5.3.0/../../../../../H-x86_64-mingw32/nios2-elf/lib/mno-hw-mul\libc.a(closer.o)
 .bss           0x0000000000811578        0x0 c:/intelfpga_lite/18.1/nios2eds/bin/gnu/h-x86_64-mingw32/bin/../lib/gcc/nios2-elf/5.3.0/../../../../../H-x86_64-mingw32/nios2-elf/lib/mno-hw-mul\libc.a(lib_a-fclose.o)
 .bss           0x0000000000811578        0x0 c:/intelfpga_lite/18.1/nios2eds/bin/gnu/h-x86_64-mingw32/bin/../lib/gcc/nios2-elf/5.3.0/../../../../../H-x86_64-mingw32/nios2-elf/lib/mno-hw-mul\libc.a(lib_a-fflush.o)
 .bss           0x0000000000811578        0x0 c:/intelfpga_lite/18.1/nios2eds/bin/gnu/h-x86_64-mingw32/bin/../lib/gcc/nios2-elf/5.3.0/../../../../../H-x86_64-mingw32/nios2-elf/lib/mno-hw-mul\libc.a(lib_a-freer.o)
 .bss           0x0000000000811578        0x0 c:/intelfpga_lite/18.1/nios2eds/bin/gnu/h-x86_64-mingw32/bin/../lib/gcc/nios2-elf/5.3.0/../../../../../H-x86_64-mingw32/nios2-elf/lib/mno-hw-mul\libc.a(lib_a-int_errno.o)
 .bss           0x0000000000811578        0x0 c:/intelfpga_lite/18.1/nios2eds/bin/gnu/h-x86_64-mingw32/bin/../lib/gcc/nios2-elf/5.3.0/../../../../../H-x86_64-mingw32/nios2-elf/lib/mno-hw-mul\libc.a(lib_a-lseekr.o)
 .bss           0x0000000000811578        0x0 c:/intelfpga_lite/18.1/nios2eds/bin/gnu/h-x86_64-mingw32/bin/../lib/gcc/nios2-elf/5.3.0/../../../../../H-x86_64-mingw32/nios2-elf/lib/mno-hw-mul\libc.a(lib_a-makebuf.o)
 .bss           0x0000000000811578        0x0 c:/intelfpga_lite/18.1/nios2eds/bin/gnu/h-x86_64-mingw32/bin/../lib/gcc/nios2-elf/5.3.0/../../../../../H-x86_64-mingw32/nios2-elf/lib/mno-hw-mul\libc.a(lib_a-readr.o)
 .bss           0x0000000000811578        0x0 c:/intelfpga_lite/18.1/nios2eds/bin/gnu/h-x86_64-mingw32/bin/../lib/gcc/nios2-elf/5.3.0/../../../../../H-x86_64-mingw32/nios2-elf/lib/mno-hw-mul\libc.a(lib_a-fstatr.o)
 .bss           0x0000000000811578        0x0 c:/intelfpga_lite/18.1/nios2eds/bin/gnu/h-x86_64-mingw32/bin/../lib/gcc/nios2-elf/5.3.0/../../../../../H-x86_64-mingw32/nios2-elf/lib/mno-hw-mul\libc.a(lib_a-isattyr.o)
 .bss           0x0000000000811578        0x0 c:/intelfpga_lite/18.1/nios2eds/bin/gnu/h-x86_64-mingw32/bin/../lib/gcc/nios2-elf/5.3.0/mno-hw-mul\libgcc.a(lib2-divmod.o)
 .bss           0x0000000000811578        0x0 c:/intelfpga_lite/18.1/nios2eds/bin/gnu/h-x86_64-mingw32/bin/../lib/gcc/nios2-elf/5.3.0/mno-hw-mul\libgcc.a(lib2-mul.o)
 .bss           0x0000000000811578        0x0 ../bigsnake_bsp/\libucosii_bsp.a(alt_close.o)
 .bss           0x0000000000811578        0x0 ../bigsnake_bsp/\libucosii_bsp.a(alt_dev.o)
 .bss           0x0000000000811578        0x0 ../bigsnake_bsp/\libucosii_bsp.a(alt_errno.o)
 .bss           0x0000000000811578        0x0 ../bigsnake_bsp/\libucosii_bsp.a(alt_fstat.o)
 .bss           0x0000000000811578        0x0 ../bigsnake_bsp/\libucosii_bsp.a(alt_isatty.o)
 .bss           0x0000000000811578        0x0 ../bigsnake_bsp/\libucosii_bsp.a(alt_load.o)
 .bss           0x0000000000811578        0x0 ../bigsnake_bsp/\libucosii_bsp.a(alt_lseek.o)
 .bss           0x0000000000811578        0x0 ../bigsnake_bsp/\libucosii_bsp.a(alt_main.o)
 .bss           0x0000000000811578        0x0 ../bigsnake_bsp/\libucosii_bsp.a(alt_read.o)
 .bss           0x0000000000811578        0x0 ../bigsnake_bsp/\libucosii_bsp.a(alt_release_fd.o)
 .bss           0x0000000000811578        0x0 ../bigsnake_bsp/\libucosii_bsp.a(alt_sbrk.o)
 .bss           0x0000000000811578        0x0 ../bigsnake_bsp/\libucosii_bsp.a(alt_write.o)
 .bss           0x0000000000811578        0x0 ../bigsnake_bsp/\libucosii_bsp.a(alt_env_lock.o)
 .bss           0x0000000000811578        0x0 ../bigsnake_bsp/\libucosii_bsp.a(alt_malloc_lock.o)
 .bss           0x0000000000811578        0x0 ../bigsnake_bsp/\libucosii_bsp.a(os_core.o)
 .bss           0x0000000000811578        0x0 ../bigsnake_bsp/\libucosii_bsp.a(os_dbg.o)
 .bss           0x0000000000811578        0x0 ../bigsnake_bsp/\libucosii_bsp.a(os_flag.o)
 .bss           0x0000000000811578        0x0 ../bigsnake_bsp/\libucosii_bsp.a(os_mem.o)
 .bss           0x0000000000811578        0x0 ../bigsnake_bsp/\libucosii_bsp.a(os_q.o)
 .bss           0x0000000000811578        0x0 ../bigsnake_bsp/\libucosii_bsp.a(os_sem.o)
 .bss           0x0000000000811578        0x0 ../bigsnake_bsp/\libucosii_bsp.a(os_task.o)
 .bss           0x0000000000811578        0x0 ../bigsnake_bsp/\libucosii_bsp.a(os_time.o)
 .bss           0x0000000000811578        0x0 ../bigsnake_bsp/\libucosii_bsp.a(alt_sys_init.o)
 .bss           0x0000000000811578        0x0 ../bigsnake_bsp/\libucosii_bsp.a(altera_avalon_jtag_uart_fd.o)
 .bss           0x0000000000811578        0x0 ../bigsnake_bsp/\libucosii_bsp.a(altera_avalon_jtag_uart_init.o)
 .bss           0x0000000000811578        0x0 ../bigsnake_bsp/\libucosii_bsp.a(altera_avalon_jtag_uart_ioctl.o)
 .bss           0x0000000000811578        0x0 ../bigsnake_bsp/\libucosii_bsp.a(altera_avalon_jtag_uart_read.o)
 .bss           0x0000000000811578        0x0 ../bigsnake_bsp/\libucosii_bsp.a(altera_avalon_jtag_uart_write.o)
 .bss           0x0000000000811578        0x0 ../bigsnake_bsp/\libucosii_bsp.a(altera_avalon_timer_sc.o)
 .bss           0x0000000000811578        0x0 ../bigsnake_bsp/\libucosii_bsp.a(alt_alarm_start.o)
 .bss           0x0000000000811578        0x0 ../bigsnake_bsp/\libucosii_bsp.a(alt_dcache_flush_all.o)
 .bss           0x0000000000811578        0x0 ../bigsnake_bsp/\libucosii_bsp.a(alt_dev_llist_insert.o)
 .bss           0x0000000000811578        0x0 ../bigsnake_bsp/\libucosii_bsp.a(alt_do_ctors.o)
 .bss           0x0000000000811578        0x0 ../bigsnake_bsp/\libucosii_bsp.a(alt_do_dtors.o)
 .bss           0x0000000000811578        0x0 ../bigsnake_bsp/\libucosii_bsp.a(alt_icache_flush_all.o)
 .bss           0x0000000000811578        0x0 ../bigsnake_bsp/\libucosii_bsp.a(alt_io_redirect.o)
 .bss           0x0000000000811578        0x0 ../bigsnake_bsp/\libucosii_bsp.a(alt_irq_register.o)
 .bss           0x0000000000811578        0x0 ../bigsnake_bsp/\libucosii_bsp.a(alt_irq_vars.o)
 .bss           0x0000000000811578        0x0 ../bigsnake_bsp/\libucosii_bsp.a(alt_open.o)
 .bss           0x0000000000811578        0x0 ../bigsnake_bsp/\libucosii_bsp.a(alt_tick.o)
 .bss           0x0000000000811578        0x0 ../bigsnake_bsp/\libucosii_bsp.a(altera_nios2_gen2_irq.o)
 .bss           0x0000000000811578        0x0 ../bigsnake_bsp/\libucosii_bsp.a(os_cpu_a.o)
 .bss           0x0000000000811578        0x0 ../bigsnake_bsp/\libucosii_bsp.a(os_cpu_c.o)
 .bss           0x0000000000811578        0x0 ../bigsnake_bsp/\libucosii_bsp.a(alt_find_dev.o)
 .bss           0x0000000000811578        0x0 ../bigsnake_bsp/\libucosii_bsp.a(alt_find_file.o)
 .bss           0x0000000000811578        0x0 ../bigsnake_bsp/\libucosii_bsp.a(alt_get_fd.o)
 .bss           0x0000000000811578        0x0 ../bigsnake_bsp/\libucosii_bsp.a(alt_irq_entry.o)
 .bss           0x0000000000811578        0x0 ../bigsnake_bsp/\libucosii_bsp.a(alt_irq_handler.o)
 .bss           0x0000000000811578        0x0 ../bigsnake_bsp/\libucosii_bsp.a(alt_exception_entry.o)
 .bss           0x0000000000811578        0x0 ../bigsnake_bsp/\libucosii_bsp.a(alt_instruction_exception_entry.o)
 .bss           0x0000000000811578        0x0 c:/intelfpga_lite/18.1/nios2eds/bin/gnu/h-x86_64-mingw32/bin/../lib/gcc/nios2-elf/5.3.0/../../../../../H-x86_64-mingw32/nios2-elf/lib/mno-hw-mul\libc.a(lib_a-atexit.o)
 .bss           0x0000000000811578        0x0 c:/intelfpga_lite/18.1/nios2eds/bin/gnu/h-x86_64-mingw32/bin/../lib/gcc/nios2-elf/5.3.0/../../../../../H-x86_64-mingw32/nios2-elf/lib/mno-hw-mul\libc.a(lib_a-exit.o)
 .bss           0x0000000000811578        0x0 c:/intelfpga_lite/18.1/nios2eds/bin/gnu/h-x86_64-mingw32/bin/../lib/gcc/nios2-elf/5.3.0/../../../../../H-x86_64-mingw32/nios2-elf/lib/mno-hw-mul\libc.a(lib_a-memcmp.o)
 .bss           0x0000000000811578        0x0 c:/intelfpga_lite/18.1/nios2eds/bin/gnu/h-x86_64-mingw32/bin/../lib/gcc/nios2-elf/5.3.0/../../../../../H-x86_64-mingw32/nios2-elf/lib/mno-hw-mul\libc.a(lib_a-__atexit.o)
 .bss           0x0000000000811578        0x0 c:/intelfpga_lite/18.1/nios2eds/bin/gnu/h-x86_64-mingw32/bin/../lib/gcc/nios2-elf/5.3.0/../../../../../H-x86_64-mingw32/nios2-elf/lib/mno-hw-mul\libc.a(lib_a-__call_atexit.o)
 .bss           0x0000000000811578        0x0 ../bigsnake_bsp/\libucosii_bsp.a(alt_exit.o)
 *(COMMON)
 COMMON         0x0000000000811578     0x4000 obj/default/hello_ucosii.o
                0x0000000000811578                task1_stk
                0x0000000000813578                task2_stk
 COMMON         0x0000000000815578     0x3224 ../bigsnake_bsp/\libucosii_bsp.a(os_core.o)
                0x0000000000815578                OSFlagTbl
                0x00000000008158e8                OSMemTbl
                0x0000000000816518                OSTaskStatStk
                0x0000000000816d18                OSQTbl
                0x0000000000816ef8                OSTaskIdleStk
                0x00000000008176f8                OSEventTbl
                0x0000000000818238                OSTCBTbl
                0x0000000000818748                OSTCBPrioTbl
 COMMON         0x000000000081879c      0x100 ../bigsnake_bsp/\libucosii_bsp.a(alt_irq_handler.o)
                0x000000000081879c                alt_irq
                0x000000000081889c                . = ALIGN (0x4)
                0x000000000081889c                __bss_end = ABSOLUTE (.)

.sdram          0x000000000081889c        0x0
                [!provide]                        PROVIDE (_alt_partition_sdram_start, ABSOLUTE (.))
 *(.sdram .sdram. sdram.*)
                0x000000000081889c                . = ALIGN (0x4)
                [!provide]                        PROVIDE (_alt_partition_sdram_end, ABSOLUTE (.))
                0x000000000081889c                _end = ABSOLUTE (.)
                0x000000000081889c                end = ABSOLUTE (.)
                0x000000000081889c                __alt_stack_base = ABSOLUTE (.)
                [!provide]                        PROVIDE (_alt_partition_sdram_load_addr, LOADADDR (.sdram))

.stab
 *(.stab)

.stabstr
 *(.stabstr)

.stab.excl
 *(.stab.excl)

.stab.exclstr
 *(.stab.exclstr)

.stab.index
 *(.stab.index)

.stab.indexstr
 *(.stab.indexstr)

.comment        0x0000000000000000       0x23
 *(.comment)
 .comment       0x0000000000000000       0x23 obj/default/hello_ucosii.o
                                         0x24 (size before relaxing)
 .comment       0x0000000000000023       0x24 c:/intelfpga_lite/18.1/nios2eds/bin/gnu/h-x86_64-mingw32/bin/../lib/gcc/nios2-elf/5.3.0/../../../../../H-x86_64-mingw32/nios2-elf/lib/mno-hw-mul\libc.a(lib_a-puts.o)
 .comment       0x0000000000000023       0x24 c:/intelfpga_lite/18.1/nios2eds/bin/gnu/h-x86_64-mingw32/bin/../lib/gcc/nios2-elf/5.3.0/../../../../../H-x86_64-mingw32/nios2-elf/lib/mno-hw-mul\libc.a(lib_a-strlen.o)
 .comment       0x0000000000000023       0x24 c:/intelfpga_lite/18.1/nios2eds/bin/gnu/h-x86_64-mingw32/bin/../lib/gcc/nios2-elf/5.3.0/../../../../../H-x86_64-mingw32/nios2-elf/lib/mno-hw-mul\libc.a(lib_a-findfp.o)
 .comment       0x0000000000000023       0x24 c:/intelfpga_lite/18.1/nios2eds/bin/gnu/h-x86_64-mingw32/bin/../lib/gcc/nios2-elf/5.3.0/../../../../../H-x86_64-mingw32/nios2-elf/lib/mno-hw-mul\libc.a(lib_a-fvwrite.o)
 .comment       0x0000000000000023       0x24 c:/intelfpga_lite/18.1/nios2eds/bin/gnu/h-x86_64-mingw32/bin/../lib/gcc/nios2-elf/5.3.0/../../../../../H-x86_64-mingw32/nios2-elf/lib/mno-hw-mul\libc.a(lib_a-fwalk.o)
 .comment       0x0000000000000023       0x24 c:/intelfpga_lite/18.1/nios2eds/bin/gnu/h-x86_64-mingw32/bin/../lib/gcc/nios2-elf/5.3.0/../../../../../H-x86_64-mingw32/nios2-elf/lib/mno-hw-mul\libc.a(lib_a-impure.o)
 .comment       0x0000000000000023       0x24 c:/intelfpga_lite/18.1/nios2eds/bin/gnu/h-x86_64-mingw32/bin/../lib/gcc/nios2-elf/5.3.0/../../../../../H-x86_64-mingw32/nios2-elf/lib/mno-hw-mul\libc.a(lib_a-mallocr.o)
 .comment       0x0000000000000023       0x24 c:/intelfpga_lite/18.1/nios2eds/bin/gnu/h-x86_64-mingw32/bin/../lib/gcc/nios2-elf/5.3.0/../../../../../H-x86_64-mingw32/nios2-elf/lib/mno-hw-mul\libc.a(lib_a-memchr.o)
 .comment       0x0000000000000023       0x24 c:/intelfpga_lite/18.1/nios2eds/bin/gnu/h-x86_64-mingw32/bin/../lib/gcc/nios2-elf/5.3.0/../../../../../H-x86_64-mingw32/nios2-elf/lib/mno-hw-mul\libc.a(lib_a-memcpy.o)
 .comment       0x0000000000000023       0x24 c:/intelfpga_lite/18.1/nios2eds/bin/gnu/h-x86_64-mingw32/bin/../lib/gcc/nios2-elf/5.3.0/../../../../../H-x86_64-mingw32/nios2-elf/lib/mno-hw-mul\libc.a(lib_a-memmove.o)
 .comment       0x0000000000000023       0x24 c:/intelfpga_lite/18.1/nios2eds/bin/gnu/h-x86_64-mingw32/bin/../lib/gcc/nios2-elf/5.3.0/../../../../../H-x86_64-mingw32/nios2-elf/lib/mno-hw-mul\libc.a(lib_a-memset.o)
 .comment       0x0000000000000023       0x24 c:/intelfpga_lite/18.1/nios2eds/bin/gnu/h-x86_64-mingw32/bin/../lib/gcc/nios2-elf/5.3.0/../../../../../H-x86_64-mingw32/nios2-elf/lib/mno-hw-mul\libc.a(lib_a-reallocr.o)
 .comment       0x0000000000000023       0x24 c:/intelfpga_lite/18.1/nios2eds/bin/gnu/h-x86_64-mingw32/bin/../lib/gcc/nios2-elf/5.3.0/../../../../../H-x86_64-mingw32/nios2-elf/lib/mno-hw-mul\libc.a(lib_a-sbrkr.o)
 .comment       0x0000000000000023       0x24 c:/intelfpga_lite/18.1/nios2eds/bin/gnu/h-x86_64-mingw32/bin/../lib/gcc/nios2-elf/5.3.0/../../../../../H-x86_64-mingw32/nios2-elf/lib/mno-hw-mul\libc.a(lib_a-stdio.o)
 .comment       0x0000000000000023       0x24 c:/intelfpga_lite/18.1/nios2eds/bin/gnu/h-x86_64-mingw32/bin/../lib/gcc/nios2-elf/5.3.0/../../../../../H-x86_64-mingw32/nios2-elf/lib/mno-hw-mul\libc.a(lib_a-writer.o)
 .comment       0x0000000000000023       0x24 c:/intelfpga_lite/18.1/nios2eds/bin/gnu/h-x86_64-mingw32/bin/../lib/gcc/nios2-elf/5.3.0/../../../../../H-x86_64-mingw32/nios2-elf/lib/mno-hw-mul\libc.a(lib_a-wsetup.o)
 .comment       0x0000000000000023       0x24 c:/intelfpga_lite/18.1/nios2eds/bin/gnu/h-x86_64-mingw32/bin/../lib/gcc/nios2-elf/5.3.0/../../../../../H-x86_64-mingw32/nios2-elf/lib/mno-hw-mul\libc.a(closer.o)
 .comment       0x0000000000000023       0x24 c:/intelfpga_lite/18.1/nios2eds/bin/gnu/h-x86_64-mingw32/bin/../lib/gcc/nios2-elf/5.3.0/../../../../../H-x86_64-mingw32/nios2-elf/lib/mno-hw-mul\libc.a(lib_a-fclose.o)
 .comment       0x0000000000000023       0x24 c:/intelfpga_lite/18.1/nios2eds/bin/gnu/h-x86_64-mingw32/bin/../lib/gcc/nios2-elf/5.3.0/../../../../../H-x86_64-mingw32/nios2-elf/lib/mno-hw-mul\libc.a(lib_a-fflush.o)
 .comment       0x0000000000000023       0x24 c:/intelfpga_lite/18.1/nios2eds/bin/gnu/h-x86_64-mingw32/bin/../lib/gcc/nios2-elf/5.3.0/../../../../../H-x86_64-mingw32/nios2-elf/lib/mno-hw-mul\libc.a(lib_a-freer.o)
 .comment       0x0000000000000023       0x24 c:/intelfpga_lite/18.1/nios2eds/bin/gnu/h-x86_64-mingw32/bin/../lib/gcc/nios2-elf/5.3.0/../../../../../H-x86_64-mingw32/nios2-elf/lib/mno-hw-mul\libc.a(lib_a-int_errno.o)
 .comment       0x0000000000000023       0x24 c:/intelfpga_lite/18.1/nios2eds/bin/gnu/h-x86_64-mingw32/bin/../lib/gcc/nios2-elf/5.3.0/../../../../../H-x86_64-mingw32/nios2-elf/lib/mno-hw-mul\libc.a(lib_a-lseekr.o)
 .comment       0x0000000000000023       0x24 c:/intelfpga_lite/18.1/nios2eds/bin/gnu/h-x86_64-mingw32/bin/../lib/gcc/nios2-elf/5.3.0/../../../../../H-x86_64-mingw32/nios2-elf/lib/mno-hw-mul\libc.a(lib_a-makebuf.o)
 .comment       0x0000000000000023       0x24 c:/intelfpga_lite/18.1/nios2eds/bin/gnu/h-x86_64-mingw32/bin/../lib/gcc/nios2-elf/5.3.0/../../../../../H-x86_64-mingw32/nios2-elf/lib/mno-hw-mul\libc.a(lib_a-readr.o)
 .comment       0x0000000000000023       0x24 c:/intelfpga_lite/18.1/nios2eds/bin/gnu/h-x86_64-mingw32/bin/../lib/gcc/nios2-elf/5.3.0/../../../../../H-x86_64-mingw32/nios2-elf/lib/mno-hw-mul\libc.a(lib_a-fstatr.o)
 .comment       0x0000000000000023       0x24 c:/intelfpga_lite/18.1/nios2eds/bin/gnu/h-x86_64-mingw32/bin/../lib/gcc/nios2-elf/5.3.0/../../../../../H-x86_64-mingw32/nios2-elf/lib/mno-hw-mul\libc.a(lib_a-isattyr.o)
 .comment       0x0000000000000023       0x24 c:/intelfpga_lite/18.1/nios2eds/bin/gnu/h-x86_64-mingw32/bin/../lib/gcc/nios2-elf/5.3.0/mno-hw-mul\libgcc.a(lib2-divmod.o)
 .comment       0x0000000000000023       0x24 c:/intelfpga_lite/18.1/nios2eds/bin/gnu/h-x86_64-mingw32/bin/../lib/gcc/nios2-elf/5.3.0/mno-hw-mul\libgcc.a(lib2-mul.o)
 .comment       0x0000000000000023       0x24 ../bigsnake_bsp/\libucosii_bsp.a(alt_close.o)
 .comment       0x0000000000000023       0x24 ../bigsnake_bsp/\libucosii_bsp.a(alt_dev.o)
 .comment       0x0000000000000023       0x24 ../bigsnake_bsp/\libucosii_bsp.a(alt_errno.o)
 .comment       0x0000000000000023       0x24 ../bigsnake_bsp/\libucosii_bsp.a(alt_fstat.o)
 .comment       0x0000000000000023       0x24 ../bigsnake_bsp/\libucosii_bsp.a(alt_isatty.o)
 .comment       0x0000000000000023       0x24 ../bigsnake_bsp/\libucosii_bsp.a(alt_load.o)
 .comment       0x0000000000000023       0x24 ../bigsnake_bsp/\libucosii_bsp.a(alt_lseek.o)
 .comment       0x0000000000000023       0x24 ../bigsnake_bsp/\libucosii_bsp.a(alt_main.o)
 .comment       0x0000000000000023       0x24 ../bigsnake_bsp/\libucosii_bsp.a(alt_read.o)
 .comment       0x0000000000000023       0x24 ../bigsnake_bsp/\libucosii_bsp.a(alt_release_fd.o)
 .comment       0x0000000000000023       0x24 ../bigsnake_bsp/\libucosii_bsp.a(alt_sbrk.o)
 .comment       0x0000000000000023       0x24 ../bigsnake_bsp/\libucosii_bsp.a(alt_write.o)
 .comment       0x0000000000000023       0x24 ../bigsnake_bsp/\libucosii_bsp.a(alt_env_lock.o)
 .comment       0x0000000000000023       0x24 ../bigsnake_bsp/\libucosii_bsp.a(alt_malloc_lock.o)
 .comment       0x0000000000000023       0x24 ../bigsnake_bsp/\libucosii_bsp.a(os_core.o)
 .comment       0x0000000000000023       0x24 ../bigsnake_bsp/\libucosii_bsp.a(os_dbg.o)
 .comment       0x0000000000000023       0x24 ../bigsnake_bsp/\libucosii_bsp.a(os_flag.o)
 .comment       0x0000000000000023       0x24 ../bigsnake_bsp/\libucosii_bsp.a(os_mem.o)
 .comment       0x0000000000000023       0x24 ../bigsnake_bsp/\libucosii_bsp.a(os_q.o)
 .comment       0x0000000000000023       0x24 ../bigsnake_bsp/\libucosii_bsp.a(os_sem.o)
 .comment       0x0000000000000023       0x24 ../bigsnake_bsp/\libucosii_bsp.a(os_task.o)
 .comment       0x0000000000000023       0x24 ../bigsnake_bsp/\libucosii_bsp.a(os_time.o)
 .comment       0x0000000000000023       0x24 ../bigsnake_bsp/\libucosii_bsp.a(alt_sys_init.o)
 .comment       0x0000000000000023       0x24 ../bigsnake_bsp/\libucosii_bsp.a(altera_avalon_jtag_uart_fd.o)
 .comment       0x0000000000000023       0x24 ../bigsnake_bsp/\libucosii_bsp.a(altera_avalon_jtag_uart_init.o)
 .comment       0x0000000000000023       0x24 ../bigsnake_bsp/\libucosii_bsp.a(altera_avalon_jtag_uart_ioctl.o)
 .comment       0x0000000000000023       0x24 ../bigsnake_bsp/\libucosii_bsp.a(altera_avalon_jtag_uart_read.o)
 .comment       0x0000000000000023       0x24 ../bigsnake_bsp/\libucosii_bsp.a(altera_avalon_jtag_uart_write.o)
 .comment       0x0000000000000023       0x24 ../bigsnake_bsp/\libucosii_bsp.a(altera_avalon_timer_sc.o)
 .comment       0x0000000000000023       0x24 ../bigsnake_bsp/\libucosii_bsp.a(alt_alarm_start.o)
 .comment       0x0000000000000023       0x24 ../bigsnake_bsp/\libucosii_bsp.a(alt_dcache_flush_all.o)
 .comment       0x0000000000000023       0x24 ../bigsnake_bsp/\libucosii_bsp.a(alt_dev_llist_insert.o)
 .comment       0x0000000000000023       0x24 ../bigsnake_bsp/\libucosii_bsp.a(alt_do_ctors.o)
 .comment       0x0000000000000023       0x24 ../bigsnake_bsp/\libucosii_bsp.a(alt_do_dtors.o)
 .comment       0x0000000000000023       0x24 ../bigsnake_bsp/\libucosii_bsp.a(alt_icache_flush_all.o)
 .comment       0x0000000000000023       0x24 ../bigsnake_bsp/\libucosii_bsp.a(alt_io_redirect.o)
 .comment       0x0000000000000023       0x24 ../bigsnake_bsp/\libucosii_bsp.a(alt_irq_register.o)
 .comment       0x0000000000000023       0x24 ../bigsnake_bsp/\libucosii_bsp.a(alt_irq_vars.o)
 .comment       0x0000000000000023       0x24 ../bigsnake_bsp/\libucosii_bsp.a(alt_open.o)
 .comment       0x0000000000000023       0x24 ../bigsnake_bsp/\libucosii_bsp.a(alt_tick.o)
 .comment       0x0000000000000023       0x24 ../bigsnake_bsp/\libucosii_bsp.a(altera_nios2_gen2_irq.o)
 .comment       0x0000000000000023       0x24 ../bigsnake_bsp/\libucosii_bsp.a(os_cpu_c.o)
 .comment       0x0000000000000023       0x24 ../bigsnake_bsp/\libucosii_bsp.a(alt_find_dev.o)
 .comment       0x0000000000000023       0x24 ../bigsnake_bsp/\libucosii_bsp.a(alt_find_file.o)
 .comment       0x0000000000000023       0x24 ../bigsnake_bsp/\libucosii_bsp.a(alt_get_fd.o)
 .comment       0x0000000000000023       0x24 ../bigsnake_bsp/\libucosii_bsp.a(alt_irq_handler.o)
 .comment       0x0000000000000023       0x24 ../bigsnake_bsp/\libucosii_bsp.a(alt_instruction_exception_entry.o)